Cloning into '/workspace/sae-assay/repo'...
From https://github.com/tdj28/llm_selfref_pre
 * branch            05efbfda1bb56b5a4c5b4193ffb551ba24cc060e -> FETCH_HEAD
HEAD is now at 05efbfd Amend operator-matching freeze (r2, pre-outcome): sparse checkout, longer startup timers, carry first attempt cost
Collecting transformers==4.47.1 (from -r experiments/operator_matching/../sae_assay_diagnostic/requirements-gpu.txt (line 2))
  Downloading transformers-4.47.1-py3-none-any.whl.metadata (44 kB)
     ━━━━━━━━━━━━━━━━━━━━━━━━━━━━━━━━━━━━━━━━ 44.1/44.1 kB 2.5 MB/s eta 0:00:00
Collecting accelerate==1.2.1 (from -r experiments/operator_matching/../sae_assay_diagnostic/requirements-gpu.txt (line 3))
  Downloading accelerate-1.2.1-py3-none-any.whl.metadata (19 kB)
Collecting bitsandbytes==0.50.2 (from -r experiments/operator_matching/../sae_assay_diagnostic/requirements-gpu.txt (line 4))
  Downloading bitsandbytes-0.50.2-py3-none-manylinux_2_24_x86_64.whl.metadata (10 kB)
Collecting safetensors==0.8.0 (from -r experiments/operator_matching/../sae_assay_diagnostic/requirements-gpu.txt (line 5))
  Downloading safetensors-0.8.0-cp310-abi3-manylinux_2_17_x86_64.manylinux2014_x86_64.whl.metadata (4.2 kB)
Collecting huggingface-hub==0.36.2 (from -r experiments/operator_matching/../sae_assay_diagnostic/requirements-gpu.txt (line 6))
  Downloading huggingface_hub-0.36.2-py3-none-any.whl.metadata (15 kB)
Collecting tokenizers==0.21.4 (from -r experiments/operator_matching/../sae_assay_diagnostic/requirements-gpu.txt (line 7))
  Downloading tokenizers-0.21.4-cp39-abi3-manylinux_2_17_x86_64.manylinux2014_x86_64.whl.metadata (6.7 kB)
Collecting numpy==2.2.6 (from -r experiments/operator_matching/../sae_assay_diagnostic/requirements-gpu.txt (line 8))
  Downloading numpy-2.2.6-cp312-cp312-manylinux_2_17_x86_64.manylinux2014_x86_64.whl.metadata (62 kB)
     ━━━━━━━━━━━━━━━━━━━━━━━━━━━━━━━━━━━━━━━━ 62.0/62.0 kB 6.4 MB/s eta 0:00:00
Collecting scipy==1.15.3 (from -r experiments/operator_matching/../sae_assay_diagnostic/requirements-gpu.txt (line 9))
  Downloading scipy-1.15.3-cp312-cp312-manylinux_2_17_x86_64.manylinux2014_x86_64.whl.metadata (61 kB)
     ━━━━━━━━━━━━━━━━━━━━━━━━━━━━━━━━━━━━━━━━ 62.0/62.0 kB 4.9 MB/s eta 0:00:00
Collecting python-dotenv==1.1.1 (from -r experiments/operator_matching/../sae_assay_diagnostic/requirements-gpu.txt (line 10))
  Downloading python_dotenv-1.1.1-py3-none-any.whl.metadata (24 kB)
Collecting pytest==8.4.2 (from -r experiments/operator_matching/../sae_assay_diagnostic/requirements-gpu.txt (line 11))
  Downloading pytest-8.4.2-py3-none-any.whl.metadata (7.7 kB)
Collecting matplotlib==3.10.8 (from -r experiments/operator_matching/requirements-gpu.txt (line 3))
  Downloading matplotlib-3.10.8-cp312-cp312-manylinux2014_x86_64.manylinux_2_17_x86_64.whl.metadata (52 kB)
     ━━━━━━━━━━━━━━━━━━━━━━━━━━━━━━━━━━━━━━━━ 52.8/52.8 kB 5.2 MB/s eta 0:00:00
Requirement already satisfied: filelock in /usr/local/lib/python3.12/dist-packages (from transformers==4.47.1->-r experiments/operator_matching/../sae_assay_diagnostic/requirements-gpu.txt (line 2)) (3.20.0)
Requirement already satisfied: packaging>=20.0 in /usr/local/lib/python3.12/dist-packages (from transformers==4.47.1->-r experiments/operator_matching/../sae_assay_diagnostic/requirements-gpu.txt (line 2)) (25.0)
Requirement already satisfied: pyyaml>=5.1 in /usr/local/lib/python3.12/dist-packages (from transformers==4.47.1->-r experiments/operator_matching/../sae_assay_diagnostic/requirements-gpu.txt (line 2)) (6.0.3)
Collecting regex!=2019.12.17 (from transformers==4.47.1->-r experiments/operator_matching/../sae_assay_diagnostic/requirements-gpu.txt (line 2))
  Downloading regex-2026.9.29-cp312-cp312-manylinux2014_x86_64.manylinux_2_17_x86_64.manylinux_2_28_x86_64.whl.metadata (40 kB)
     ━━━━━━━━━━━━━━━━━━━━━━━━━━━━━━━━━━━━━━━━ 40.6/40.6 kB 6.5 MB/s eta 0:00:00
Requirement already satisfied: requests in /usr/local/lib/python3.12/dist-packages (from transformers==4.47.1->-r experiments/operator_matching/../sae_assay_diagnostic/requirements-gpu.txt (line 2)) (2.32.5)
Collecting tqdm>=4.27 (from transformers==4.47.1->-r experiments/operator_matching/../sae_assay_diagnostic/requirements-gpu.txt (line 2))
  Downloading tqdm-4.70.1-py3-none-any.whl.metadata (57 kB)
     ━━━━━━━━━━━━━━━━━━━━━━━━━━━━━━━━━━━━━━━━ 57.4/57.4 kB 5.9 MB/s eta 0:00:00
Requirement already satisfied: psutil in /usr/local/lib/python3.12/dist-packages (from accelerate==1.2.1->-r experiments/operator_matching/../sae_assay_diagnostic/requirements-gpu.txt (line 3)) (7.1.0)
Requirement already satisfied: torch>=1.10.0 in /usr/local/lib/python3.12/dist-packages (from accelerate==1.2.1->-r experiments/operator_matching/../sae_assay_diagnostic/requirements-gpu.txt (line 3)) (2.8.0+cu128)
Requirement already satisfied: fsspec>=2023.5.0 in /usr/local/lib/python3.12/dist-packages (from huggingface-hub==0.36.2->-r experiments/operator_matching/../sae_assay_diagnostic/requirements-gpu.txt (line 6)) (2024.6.1)
Collecting hf-xet<2.0.0,>=1.1.3 (from huggingface-hub==0.36.2->-r experiments/operator_matching/../sae_assay_diagnostic/requirements-gpu.txt (line 6))
  Downloading hf_xet-1.6.0-cp38-abi3-manylinux2014_x86_64.manylinux_2_17_x86_64.whl.metadata (4.9 kB)
Requirement already satisfied: typing-extensions>=3.7.4.3 in /usr/local/lib/python3.12/dist-packages (from huggingface-hub==0.36.2->-r experiments/operator_matching/../sae_assay_diagnostic/requirements-gpu.txt (line 6)) (4.15.0)
Collecting iniconfig>=1 (from pytest==8.4.2->-r experiments/operator_matching/../sae_assay_diagnostic/requirements-gpu.txt (line 11))
  Downloading iniconfig-2.3.0-py3-none-any.whl.metadata (2.5 kB)
Collecting pluggy<2,>=1.5 (from pytest==8.4.2->-r experiments/operator_matching/../sae_assay_diagnostic/requirements-gpu.txt (line 11))
  Downloading pluggy-1.6.0-py3-none-any.whl.metadata (4.8 kB)
Requirement already satisfied: pygments>=2.7.2 in /usr/local/lib/python3.12/dist-packages (from pytest==8.4.2->-r experiments/operator_matching/../sae_assay_diagnostic/requirements-gpu.txt (line 11)) (2.19.2)
Collecting contourpy>=1.0.1 (from matplotlib==3.10.8->-r experiments/operator_matching/requirements-gpu.txt (line 3))
  Downloading contourpy-1.4.0-cp312-cp312-manylinux_2_27_x86_64.manylinux_2_28_x86_64.whl.metadata (3.8 kB)
Collecting cycler>=0.10 (from matplotlib==3.10.8->-r experiments/operator_matching/requirements-gpu.txt (line 3))
  Downloading cycler-0.12.1-py3-none-any.whl.metadata (3.8 kB)
Collecting fonttools>=4.22.0 (from matplotlib==3.10.8->-r experiments/operator_matching/requirements-gpu.txt (line 3))
  Downloading fonttools-4.66.1-cp312-cp312-manylinux2014_x86_64.manylinux_2_17_x86_64.whl.metadata (130 kB)
     ━━━━━━━━━━━━━━━━━━━━━━━━━━━━━━━━━━━━━━━ 130.1/130.1 kB 6.2 MB/s eta 0:00:00
Collecting kiwisolver>=1.3.1 (from matplotlib==3.10.8->-r experiments/operator_matching/requirements-gpu.txt (line 3))
  Downloading kiwisolver-1.5.1-cp312-cp312-manylinux2014_x86_64.manylinux_2_17_x86_64.whl.metadata (5.2 kB)
Requirement already satisfied: pillow>=8 in /usr/local/lib/python3.12/dist-packages (from matplotlib==3.10.8->-r experiments/operator_matching/requirements-gpu.txt (line 3)) (11.0.0)
Requirement already satisfied: pyparsing>=3 in /usr/lib/python3/dist-packages (from matplotlib==3.10.8->-r experiments/operator_matching/requirements-gpu.txt (line 3)) (3.1.1)
Requirement already satisfied: python-dateutil>=2.7 in /usr/local/lib/python3.12/dist-packages (from matplotlib==3.10.8->-r experiments/operator_matching/requirements-gpu.txt (line 3)) (2.9.0.post0)
Requirement already satisfied: six>=1.5 in /usr/lib/python3/dist-packages (from python-dateutil>=2.7->matplotlib==3.10.8->-r experiments/operator_matching/requirements-gpu.txt (line 3)) (1.16.0)
Requirement already satisfied: setuptools in /usr/local/lib/python3.12/dist-packages (from torch>=1.10.0->accelerate==1.2.1->-r experiments/operator_matching/../sae_assay_diagnostic/requirements-gpu.txt (line 3)) (80.9.0)
Requirement already satisfied: sympy>=1.13.3 in /usr/local/lib/python3.12/dist-packages (from torch>=1.10.0->accelerate==1.2.1->-r experiments/operator_matching/../sae_assay_diagnostic/requirements-gpu.txt (line 3)) (1.13.3)
Requirement already satisfied: networkx in /usr/local/lib/python3.12/dist-packages (from torch>=1.10.0->accelerate==1.2.1->-r experiments/operator_matching/../sae_assay_diagnostic/requirements-gpu.txt (line 3)) (3.3)
Requirement already satisfied: jinja2 in /usr/local/lib/python3.12/dist-packages (from torch>=1.10.0->accelerate==1.2.1->-r experiments/operator_matching/../sae_assay_diagnostic/requirements-gpu.txt (line 3)) (3.1.6)
Requirement already satisfied: nvidia-cuda-nvrtc-cu12==12.8.93 in /usr/local/lib/python3.12/dist-packages (from torch>=1.10.0->accelerate==1.2.1->-r experiments/operator_matching/../sae_assay_diagnostic/requirements-gpu.txt (line 3)) (12.8.93)
Requirement already satisfied: nvidia-cuda-runtime-cu12==12.8.90 in /usr/local/lib/python3.12/dist-packages (from torch>=1.10.0->accelerate==1.2.1->-r experiments/operator_matching/../sae_assay_diagnostic/requirements-gpu.txt (line 3)) (12.8.90)
Requirement already satisfied: nvidia-cuda-cupti-cu12==12.8.90 in /usr/local/lib/python3.12/dist-packages (from torch>=1.10.0->accelerate==1.2.1->-r experiments/operator_matching/../sae_assay_diagnostic/requirements-gpu.txt (line 3)) (12.8.90)
Requirement already satisfied: nvidia-cudnn-cu12==9.10.2.21 in /usr/local/lib/python3.12/dist-packages (from torch>=1.10.0->accelerate==1.2.1->-r experiments/operator_matching/../sae_assay_diagnostic/requirements-gpu.txt (line 3)) (9.10.2.21)
Requirement already satisfied: nvidia-cublas-cu12==12.8.4.1 in /usr/local/lib/python3.12/dist-packages (from torch>=1.10.0->accelerate==1.2.1->-r experiments/operator_matching/../sae_assay_diagnostic/requirements-gpu.txt (line 3)) (12.8.4.1)
Requirement already satisfied: nvidia-cufft-cu12==11.3.3.83 in /usr/local/lib/python3.12/dist-packages (from torch>=1.10.0->accelerate==1.2.1->-r experiments/operator_matching/../sae_assay_diagnostic/requirements-gpu.txt (line 3)) (11.3.3.83)
Requirement already satisfied: nvidia-curand-cu12==10.3.9.90 in /usr/local/lib/python3.12/dist-packages (from torch>=1.10.0->accelerate==1.2.1->-r experiments/operator_matching/../sae_assay_diagnostic/requirements-gpu.txt (line 3)) (10.3.9.90)
Requirement already satisfied: nvidia-cusolver-cu12==11.7.3.90 in /usr/local/lib/python3.12/dist-packages (from torch>=1.10.0->accelerate==1.2.1->-r experiments/operator_matching/../sae_assay_diagnostic/requirements-gpu.txt (line 3)) (11.7.3.90)
Requirement already satisfied: nvidia-cusparse-cu12==12.5.8.93 in /usr/local/lib/python3.12/dist-packages (from torch>=1.10.0->accelerate==1.2.1->-r experiments/operator_matching/../sae_assay_diagnostic/requirements-gpu.txt (line 3)) (12.5.8.93)
Requirement already satisfied: nvidia-cusparselt-cu12==0.7.1 in /usr/local/lib/python3.12/dist-packages (from torch>=1.10.0->accelerate==1.2.1->-r experiments/operator_matching/../sae_assay_diagnostic/requirements-gpu.txt (line 3)) (0.7.1)
Requirement already satisfied: nvidia-nccl-cu12==2.27.3 in /usr/local/lib/python3.12/dist-packages (from torch>=1.10.0->accelerate==1.2.1->-r experiments/operator_matching/../sae_assay_diagnostic/requirements-gpu.txt (line 3)) (2.27.3)
Requirement already satisfied: nvidia-nvtx-cu12==12.8.90 in /usr/local/lib/python3.12/dist-packages (from torch>=1.10.0->accelerate==1.2.1->-r experiments/operator_matching/../sae_assay_diagnostic/requirements-gpu.txt (line 3)) (12.8.90)
Requirement already satisfied: nvidia-nvjitlink-cu12==12.8.93 in /usr/local/lib/python3.12/dist-packages (from torch>=1.10.0->accelerate==1.2.1->-r experiments/operator_matching/../sae_assay_diagnostic/requirements-gpu.txt (line 3)) (12.8.93)
Requirement already satisfied: nvidia-cufile-cu12==1.13.1.3 in /usr/local/lib/python3.12/dist-packages (from torch>=1.10.0->accelerate==1.2.1->-r experiments/operator_matching/../sae_assay_diagnostic/requirements-gpu.txt (line 3)) (1.13.1.3)
Requirement already satisfied: triton==3.4.0 in /usr/local/lib/python3.12/dist-packages (from torch>=1.10.0->accelerate==1.2.1->-r experiments/operator_matching/../sae_assay_diagnostic/requirements-gpu.txt (line 3)) (3.4.0)
Requirement already satisfied: charset_normalizer<4,>=2 in /usr/local/lib/python3.12/dist-packages (from requests->transformers==4.47.1->-r experiments/operator_matching/../sae_assay_diagnostic/requirements-gpu.txt (line 2)) (3.4.3)
Requirement already satisfied: idna<4,>=2.5 in /usr/local/lib/python3.12/dist-packages (from requests->transformers==4.47.1->-r experiments/operator_matching/../sae_assay_diagnostic/requirements-gpu.txt (line 2)) (3.10)
Requirement already satisfied: urllib3<3,>=1.21.1 in /usr/local/lib/python3.12/dist-packages (from requests->transformers==4.47.1->-r experiments/operator_matching/../sae_assay_diagnostic/requirements-gpu.txt (line 2)) (2.5.0)
Requirement already satisfied: certifi>=2017.4.17 in /usr/local/lib/python3.12/dist-packages (from requests->transformers==4.47.1->-r experiments/operator_matching/../sae_assay_diagnostic/requirements-gpu.txt (line 2)) (2025.10.5)
Requirement already satisfied: mpmath<1.4,>=1.1.0 in /usr/local/lib/python3.12/dist-packages (from sympy>=1.13.3->torch>=1.10.0->accelerate==1.2.1->-r experiments/operator_matching/../sae_assay_diagnostic/requirements-gpu.txt (line 3)) (1.3.0)
Requirement already satisfied: MarkupSafe>=2.0 in /usr/local/lib/python3.12/dist-packages (from jinja2->torch>=1.10.0->accelerate==1.2.1->-r experiments/operator_matching/../sae_assay_diagnostic/requirements-gpu.txt (line 3)) (3.0.3)
Downloading transformers-4.47.1-py3-none-any.whl (10.1 MB)
   ━━━━━━━━━━━━━━━━━━━━━━━━━━━━━━━━━━━━━━━━ 10.1/10.1 MB 11.9 MB/s eta 0:00:00
Downloading accelerate-1.2.1-py3-none-any.whl (336 kB)
   ━━━━━━━━━━━━━━━━━━━━━━━━━━━━━━━━━━━━━━━━ 336.4/336.4 kB 12.9 MB/s eta 0:00:00
Downloading bitsandbytes-0.50.2-py3-none-manylinux_2_24_x86_64.whl (43.1 MB)
   ━━━━━━━━━━━━━━━━━━━━━━━━━━━━━━━━━━━━━━━━ 43.1/43.1 MB 16.6 MB/s eta 0:00:00
Downloading safetensors-0.8.0-cp310-abi3-manylinux_2_17_x86_64.manylinux2014_x86_64.whl (516 kB)
   ━━━━━━━━━━━━━━━━━━━━━━━━━━━━━━━━━━━━━━━━ 516.0/516.0 kB 13.3 MB/s eta 0:00:00
Downloading huggingface_hub-0.36.2-py3-none-any.whl (566 kB)
   ━━━━━━━━━━━━━━━━━━━━━━━━━━━━━━━━━━━━━━━━ 566.4/566.4 kB 14.4 MB/s eta 0:00:00
Downloading tokenizers-0.21.4-cp39-abi3-manylinux_2_17_x86_64.manylinux2014_x86_64.whl (3.1 MB)
   ━━━━━━━━━━━━━━━━━━━━━━━━━━━━━━━━━━━━━━━━ 3.1/3.1 MB 15.1 MB/s eta 0:00:00
Downloading numpy-2.2.6-cp312-cp312-manylinux_2_17_x86_64.manylinux2014_x86_64.whl (16.5 MB)
   ━━━━━━━━━━━━━━━━━━━━━━━━━━━━━━━━━━━━━━━━ 16.5/16.5 MB 13.8 MB/s eta 0:00:00
Downloading scipy-1.15.3-cp312-cp312-manylinux_2_17_x86_64.manylinux2014_x86_64.whl (37.3 MB)
   ━━━━━━━━━━━━━━━━━━━━━━━━━━━━━━━━━━━━━━━━ 37.3/37.3 MB 12.1 MB/s eta 0:00:00
Downloading python_dotenv-1.1.1-py3-none-any.whl (20 kB)
Downloading pytest-8.4.2-py3-none-any.whl (365 kB)
   ━━━━━━━━━━━━━━━━━━━━━━━━━━━━━━━━━━━━━━━━ 365.8/365.8 kB 11.7 MB/s eta 0:00:00
Downloading matplotlib-3.10.8-cp312-cp312-manylinux2014_x86_64.manylinux_2_17_x86_64.whl (8.7 MB)
   ━━━━━━━━━━━━━━━━━━━━━━━━━━━━━━━━━━━━━━━━ 8.7/8.7 MB 12.6 MB/s eta 0:00:00
Downloading contourpy-1.4.0-cp312-cp312-manylinux_2_27_x86_64.manylinux_2_28_x86_64.whl (383 kB)
   ━━━━━━━━━━━━━━━━━━━━━━━━━━━━━━━━━━━━━━━━ 383.2/383.2 kB 12.1 MB/s eta 0:00:00
Downloading cycler-0.12.1-py3-none-any.whl (8.3 kB)
Downloading fonttools-4.66.1-cp312-cp312-manylinux2014_x86_64.manylinux_2_17_x86_64.whl (5.4 MB)
   ━━━━━━━━━━━━━━━━━━━━━━━━━━━━━━━━━━━━━━━━ 5.4/5.4 MB 13.3 MB/s eta 0:00:00
Downloading hf_xet-1.6.0-cp38-abi3-manylinux2014_x86_64.manylinux_2_17_x86_64.whl (4.5 MB)
   ━━━━━━━━━━━━━━━━━━━━━━━━━━━━━━━━━━━━━━━━ 4.5/4.5 MB 13.2 MB/s eta 0:00:00
Downloading iniconfig-2.3.0-py3-none-any.whl (7.5 kB)
Downloading kiwisolver-1.5.1-cp312-cp312-manylinux2014_x86_64.manylinux_2_17_x86_64.whl (1.5 MB)
   ━━━━━━━━━━━━━━━━━━━━━━━━━━━━━━━━━━━━━━━━ 1.5/1.5 MB 12.6 MB/s eta 0:00:00
Downloading pluggy-1.6.0-py3-none-any.whl (20 kB)
Downloading regex-2026.9.29-cp312-cp312-manylinux2014_x86_64.manylinux_2_17_x86_64.manylinux_2_28_x86_64.whl (807 kB)
   ━━━━━━━━━━━━━━━━━━━━━━━━━━━━━━━━━━━━━━━━ 807.8/807.8 kB 11.1 MB/s eta 0:00:00
Downloading tqdm-4.70.1-py3-none-any.whl (80 kB)
   ━━━━━━━━━━━━━━━━━━━━━━━━━━━━━━━━━━━━━━━━ 80.2/80.2 kB 10.3 MB/s eta 0:00:00
Installing collected packages: tqdm, safetensors, regex, python-dotenv, pluggy, numpy, kiwisolver, iniconfig, hf-xet, fonttools, cycler, scipy, pytest, huggingface-hub, contourpy, tokenizers, matplotlib, transformers, bitsandbytes, accelerate
  Attempting uninstall: numpy
    Found existing installation: numpy 2.1.2
    Not uninstalling numpy at /usr/local/lib/python3.12/dist-packages, outside environment /workspace/sae-assay/venv
    Can't uninstall 'numpy'. No files were found to uninstall.
Successfully installed accelerate-1.2.1 bitsandbytes-0.50.2 contourpy-1.4.0 cycler-0.12.1 fonttools-4.66.1 hf-xet-1.6.0 huggingface-hub-0.36.2 iniconfig-2.3.0 kiwisolver-1.5.1 matplotlib-3.10.8 numpy-2.2.6 pluggy-1.6.0 pytest-8.4.2 python-dotenv-1.1.1 regex-2026.9.29 safetensors-0.8.0 scipy-1.15.3 tokenizers-0.21.4 tqdm-4.70.1 transformers-4.47.1
........................................................................ [ 69%]
................................                                         [100%]
------------ generated xml file: /workspace/sae-assay/out/tests.xml ------------
104 passed in 37.72s
