Cloning into '/workspace/sae-assay/repo'...
From https://github.com/tdj28/llm_selfref_pre
 * branch            9ddc9c7a8764b594a94486981fbd150a7506ef56 -> FETCH_HEAD
HEAD is now at 9ddc9c7 Amend unexecuted replay hardware to available A40; preserve original freeze
Collecting transformers==4.47.1 (from -r experiments/sae_assay_diagnostic/requirements-gpu.txt (line 2))
  Downloading transformers-4.47.1-py3-none-any.whl.metadata (44 kB)
     ━━━━━━━━━━━━━━━━━━━━━━━━━━━━━━━━━━━━━━━━ 44.1/44.1 kB 2.9 MB/s eta 0:00:00
Collecting accelerate==1.2.1 (from -r experiments/sae_assay_diagnostic/requirements-gpu.txt (line 3))
  Downloading accelerate-1.2.1-py3-none-any.whl.metadata (19 kB)
Collecting bitsandbytes==0.50.2 (from -r experiments/sae_assay_diagnostic/requirements-gpu.txt (line 4))
  Downloading bitsandbytes-0.50.2-py3-none-manylinux_2_24_x86_64.whl.metadata (10 kB)
Collecting safetensors==0.8.0 (from -r experiments/sae_assay_diagnostic/requirements-gpu.txt (line 5))
  Downloading safetensors-0.8.0-cp310-abi3-manylinux_2_17_x86_64.manylinux2014_x86_64.whl.metadata (4.2 kB)
Collecting huggingface-hub==0.36.2 (from -r experiments/sae_assay_diagnostic/requirements-gpu.txt (line 6))
  Downloading huggingface_hub-0.36.2-py3-none-any.whl.metadata (15 kB)
Collecting tokenizers==0.21.4 (from -r experiments/sae_assay_diagnostic/requirements-gpu.txt (line 7))
  Downloading tokenizers-0.21.4-cp39-abi3-manylinux_2_17_x86_64.manylinux2014_x86_64.whl.metadata (6.7 kB)
Collecting numpy==2.2.6 (from -r experiments/sae_assay_diagnostic/requirements-gpu.txt (line 8))
  Downloading numpy-2.2.6-cp312-cp312-manylinux_2_17_x86_64.manylinux2014_x86_64.whl.metadata (62 kB)
     ━━━━━━━━━━━━━━━━━━━━━━━━━━━━━━━━━━━━━━━━ 62.0/62.0 kB 21.8 MB/s eta 0:00:00
Collecting scipy==1.15.3 (from -r experiments/sae_assay_diagnostic/requirements-gpu.txt (line 9))
  Downloading scipy-1.15.3-cp312-cp312-manylinux_2_17_x86_64.manylinux2014_x86_64.whl.metadata (61 kB)
     ━━━━━━━━━━━━━━━━━━━━━━━━━━━━━━━━━━━━━━━━ 62.0/62.0 kB 25.0 MB/s eta 0:00:00
Collecting python-dotenv==1.1.1 (from -r experiments/sae_assay_diagnostic/requirements-gpu.txt (line 10))
  Downloading python_dotenv-1.1.1-py3-none-any.whl.metadata (24 kB)
Collecting pytest==8.4.2 (from -r experiments/sae_assay_diagnostic/requirements-gpu.txt (line 11))
  Downloading pytest-8.4.2-py3-none-any.whl.metadata (7.7 kB)
Requirement already satisfied: filelock in /usr/local/lib/python3.12/dist-packages (from transformers==4.47.1->-r experiments/sae_assay_diagnostic/requirements-gpu.txt (line 2)) (3.20.0)
Requirement already satisfied: packaging>=20.0 in /usr/local/lib/python3.12/dist-packages (from transformers==4.47.1->-r experiments/sae_assay_diagnostic/requirements-gpu.txt (line 2)) (25.0)
Requirement already satisfied: pyyaml>=5.1 in /usr/local/lib/python3.12/dist-packages (from transformers==4.47.1->-r experiments/sae_assay_diagnostic/requirements-gpu.txt (line 2)) (6.0.3)
Collecting regex!=2019.12.17 (from transformers==4.47.1->-r experiments/sae_assay_diagnostic/requirements-gpu.txt (line 2))
  Downloading regex-2026.9.29-cp312-cp312-manylinux2014_x86_64.manylinux_2_17_x86_64.manylinux_2_28_x86_64.whl.metadata (40 kB)
     ━━━━━━━━━━━━━━━━━━━━━━━━━━━━━━━━━━━━━━━━ 40.6/40.6 kB 18.5 MB/s eta 0:00:00
Requirement already satisfied: requests in /usr/local/lib/python3.12/dist-packages (from transformers==4.47.1->-r experiments/sae_assay_diagnostic/requirements-gpu.txt (line 2)) (2.32.5)
Collecting tqdm>=4.27 (from transformers==4.47.1->-r experiments/sae_assay_diagnostic/requirements-gpu.txt (line 2))
  Downloading tqdm-4.70.1-py3-none-any.whl.metadata (57 kB)
     ━━━━━━━━━━━━━━━━━━━━━━━━━━━━━━━━━━━━━━━━ 57.4/57.4 kB 28.5 MB/s eta 0:00:00
Requirement already satisfied: psutil in /usr/local/lib/python3.12/dist-packages (from accelerate==1.2.1->-r experiments/sae_assay_diagnostic/requirements-gpu.txt (line 3)) (7.1.0)
Requirement already satisfied: torch>=1.10.0 in /usr/local/lib/python3.12/dist-packages (from accelerate==1.2.1->-r experiments/sae_assay_diagnostic/requirements-gpu.txt (line 3)) (2.8.0+cu128)
Requirement already satisfied: fsspec>=2023.5.0 in /usr/local/lib/python3.12/dist-packages (from huggingface-hub==0.36.2->-r experiments/sae_assay_diagnostic/requirements-gpu.txt (line 6)) (2024.6.1)
Collecting hf-xet<2.0.0,>=1.1.3 (from huggingface-hub==0.36.2->-r experiments/sae_assay_diagnostic/requirements-gpu.txt (line 6))
  Downloading hf_xet-1.6.0-cp38-abi3-manylinux2014_x86_64.manylinux_2_17_x86_64.whl.metadata (4.9 kB)
Requirement already satisfied: typing-extensions>=3.7.4.3 in /usr/local/lib/python3.12/dist-packages (from huggingface-hub==0.36.2->-r experiments/sae_assay_diagnostic/requirements-gpu.txt (line 6)) (4.15.0)
Collecting iniconfig>=1 (from pytest==8.4.2->-r experiments/sae_assay_diagnostic/requirements-gpu.txt (line 11))
  Downloading iniconfig-2.3.0-py3-none-any.whl.metadata (2.5 kB)
Collecting pluggy<2,>=1.5 (from pytest==8.4.2->-r experiments/sae_assay_diagnostic/requirements-gpu.txt (line 11))
  Downloading pluggy-1.6.0-py3-none-any.whl.metadata (4.8 kB)
Requirement already satisfied: pygments>=2.7.2 in /usr/local/lib/python3.12/dist-packages (from pytest==8.4.2->-r experiments/sae_assay_diagnostic/requirements-gpu.txt (line 11)) (2.19.2)
Requirement already satisfied: setuptools in /usr/local/lib/python3.12/dist-packages (from torch>=1.10.0->accelerate==1.2.1->-r experiments/sae_assay_diagnostic/requirements-gpu.txt (line 3)) (80.9.0)
Requirement already satisfied: sympy>=1.13.3 in /usr/local/lib/python3.12/dist-packages (from torch>=1.10.0->accelerate==1.2.1->-r experiments/sae_assay_diagnostic/requirements-gpu.txt (line 3)) (1.13.3)
Requirement already satisfied: networkx in /usr/local/lib/python3.12/dist-packages (from torch>=1.10.0->accelerate==1.2.1->-r experiments/sae_assay_diagnostic/requirements-gpu.txt (line 3)) (3.3)
Requirement already satisfied: jinja2 in /usr/local/lib/python3.12/dist-packages (from torch>=1.10.0->accelerate==1.2.1->-r experiments/sae_assay_diagnostic/requirements-gpu.txt (line 3)) (3.1.6)
Requirement already satisfied: nvidia-cuda-nvrtc-cu12==12.8.93 in /usr/local/lib/python3.12/dist-packages (from torch>=1.10.0->accelerate==1.2.1->-r experiments/sae_assay_diagnostic/requirements-gpu.txt (line 3)) (12.8.93)
Requirement already satisfied: nvidia-cuda-runtime-cu12==12.8.90 in /usr/local/lib/python3.12/dist-packages (from torch>=1.10.0->accelerate==1.2.1->-r experiments/sae_assay_diagnostic/requirements-gpu.txt (line 3)) (12.8.90)
Requirement already satisfied: nvidia-cuda-cupti-cu12==12.8.90 in /usr/local/lib/python3.12/dist-packages (from torch>=1.10.0->accelerate==1.2.1->-r experiments/sae_assay_diagnostic/requirements-gpu.txt (line 3)) (12.8.90)
Requirement already satisfied: nvidia-cudnn-cu12==9.10.2.21 in /usr/local/lib/python3.12/dist-packages (from torch>=1.10.0->accelerate==1.2.1->-r experiments/sae_assay_diagnostic/requirements-gpu.txt (line 3)) (9.10.2.21)
Requirement already satisfied: nvidia-cublas-cu12==12.8.4.1 in /usr/local/lib/python3.12/dist-packages (from torch>=1.10.0->accelerate==1.2.1->-r experiments/sae_assay_diagnostic/requirements-gpu.txt (line 3)) (12.8.4.1)
Requirement already satisfied: nvidia-cufft-cu12==11.3.3.83 in /usr/local/lib/python3.12/dist-packages (from torch>=1.10.0->accelerate==1.2.1->-r experiments/sae_assay_diagnostic/requirements-gpu.txt (line 3)) (11.3.3.83)
Requirement already satisfied: nvidia-curand-cu12==10.3.9.90 in /usr/local/lib/python3.12/dist-packages (from torch>=1.10.0->accelerate==1.2.1->-r experiments/sae_assay_diagnostic/requirements-gpu.txt (line 3)) (10.3.9.90)
Requirement already satisfied: nvidia-cusolver-cu12==11.7.3.90 in /usr/local/lib/python3.12/dist-packages (from torch>=1.10.0->accelerate==1.2.1->-r experiments/sae_assay_diagnostic/requirements-gpu.txt (line 3)) (11.7.3.90)
Requirement already satisfied: nvidia-cusparse-cu12==12.5.8.93 in /usr/local/lib/python3.12/dist-packages (from torch>=1.10.0->accelerate==1.2.1->-r experiments/sae_assay_diagnostic/requirements-gpu.txt (line 3)) (12.5.8.93)
Requirement already satisfied: nvidia-cusparselt-cu12==0.7.1 in /usr/local/lib/python3.12/dist-packages (from torch>=1.10.0->accelerate==1.2.1->-r experiments/sae_assay_diagnostic/requirements-gpu.txt (line 3)) (0.7.1)
Requirement already satisfied: nvidia-nccl-cu12==2.27.3 in /usr/local/lib/python3.12/dist-packages (from torch>=1.10.0->accelerate==1.2.1->-r experiments/sae_assay_diagnostic/requirements-gpu.txt (line 3)) (2.27.3)
Requirement already satisfied: nvidia-nvtx-cu12==12.8.90 in /usr/local/lib/python3.12/dist-packages (from torch>=1.10.0->accelerate==1.2.1->-r experiments/sae_assay_diagnostic/requirements-gpu.txt (line 3)) (12.8.90)
Requirement already satisfied: nvidia-nvjitlink-cu12==12.8.93 in /usr/local/lib/python3.12/dist-packages (from torch>=1.10.0->accelerate==1.2.1->-r experiments/sae_assay_diagnostic/requirements-gpu.txt (line 3)) (12.8.93)
Requirement already satisfied: nvidia-cufile-cu12==1.13.1.3 in /usr/local/lib/python3.12/dist-packages (from torch>=1.10.0->accelerate==1.2.1->-r experiments/sae_assay_diagnostic/requirements-gpu.txt (line 3)) (1.13.1.3)
Requirement already satisfied: triton==3.4.0 in /usr/local/lib/python3.12/dist-packages (from torch>=1.10.0->accelerate==1.2.1->-r experiments/sae_assay_diagnostic/requirements-gpu.txt (line 3)) (3.4.0)
Requirement already satisfied: charset_normalizer<4,>=2 in /usr/local/lib/python3.12/dist-packages (from requests->transformers==4.47.1->-r experiments/sae_assay_diagnostic/requirements-gpu.txt (line 2)) (3.4.3)
Requirement already satisfied: idna<4,>=2.5 in /usr/local/lib/python3.12/dist-packages (from requests->transformers==4.47.1->-r experiments/sae_assay_diagnostic/requirements-gpu.txt (line 2)) (3.10)
Requirement already satisfied: urllib3<3,>=1.21.1 in /usr/local/lib/python3.12/dist-packages (from requests->transformers==4.47.1->-r experiments/sae_assay_diagnostic/requirements-gpu.txt (line 2)) (2.5.0)
Requirement already satisfied: certifi>=2017.4.17 in /usr/local/lib/python3.12/dist-packages (from requests->transformers==4.47.1->-r experiments/sae_assay_diagnostic/requirements-gpu.txt (line 2)) (2025.10.5)
Requirement already satisfied: mpmath<1.4,>=1.1.0 in /usr/local/lib/python3.12/dist-packages (from sympy>=1.13.3->torch>=1.10.0->accelerate==1.2.1->-r experiments/sae_assay_diagnostic/requirements-gpu.txt (line 3)) (1.3.0)
Requirement already satisfied: MarkupSafe>=2.0 in /usr/local/lib/python3.12/dist-packages (from jinja2->torch>=1.10.0->accelerate==1.2.1->-r experiments/sae_assay_diagnostic/requirements-gpu.txt (line 3)) (3.0.3)
Downloading transformers-4.47.1-py3-none-any.whl (10.1 MB)
   ━━━━━━━━━━━━━━━━━━━━━━━━━━━━━━━━━━━━━━━━ 10.1/10.1 MB 99.1 MB/s eta 0:00:00
Downloading accelerate-1.2.1-py3-none-any.whl (336 kB)
   ━━━━━━━━━━━━━━━━━━━━━━━━━━━━━━━━━━━━━━━━ 336.4/336.4 kB 89.4 MB/s eta 0:00:00
Downloading bitsandbytes-0.50.2-py3-none-manylinux_2_24_x86_64.whl (43.1 MB)
   ━━━━━━━━━━━━━━━━━━━━━━━━━━━━━━━━━━━━━━━━ 43.1/43.1 MB 122.7 MB/s eta 0:00:00
Downloading safetensors-0.8.0-cp310-abi3-manylinux_2_17_x86_64.manylinux2014_x86_64.whl (516 kB)
   ━━━━━━━━━━━━━━━━━━━━━━━━━━━━━━━━━━━━━━━ 516.0/516.0 kB 140.7 MB/s eta 0:00:00
Downloading huggingface_hub-0.36.2-py3-none-any.whl (566 kB)
   ━━━━━━━━━━━━━━━━━━━━━━━━━━━━━━━━━━━━━━━ 566.4/566.4 kB 123.7 MB/s eta 0:00:00
Downloading tokenizers-0.21.4-cp39-abi3-manylinux_2_17_x86_64.manylinux2014_x86_64.whl (3.1 MB)
   ━━━━━━━━━━━━━━━━━━━━━━━━━━━━━━━━━━━━━━━━ 3.1/3.1 MB 184.6 MB/s eta 0:00:00
Downloading numpy-2.2.6-cp312-cp312-manylinux_2_17_x86_64.manylinux2014_x86_64.whl (16.5 MB)
   ━━━━━━━━━━━━━━━━━━━━━━━━━━━━━━━━━━━━━━━━ 16.5/16.5 MB 134.3 MB/s eta 0:00:00
Downloading scipy-1.15.3-cp312-cp312-manylinux_2_17_x86_64.manylinux2014_x86_64.whl (37.3 MB)
   ━━━━━━━━━━━━━━━━━━━━━━━━━━━━━━━━━━━━━━━━ 37.3/37.3 MB 82.2 MB/s eta 0:00:00
Downloading python_dotenv-1.1.1-py3-none-any.whl (20 kB)
Downloading pytest-8.4.2-py3-none-any.whl (365 kB)
   ━━━━━━━━━━━━━━━━━━━━━━━━━━━━━━━━━━━━━━━━ 365.8/365.8 kB 85.9 MB/s eta 0:00:00
Downloading hf_xet-1.6.0-cp38-abi3-manylinux2014_x86_64.manylinux_2_17_x86_64.whl (4.5 MB)
   ━━━━━━━━━━━━━━━━━━━━━━━━━━━━━━━━━━━━━━━━ 4.5/4.5 MB 147.9 MB/s eta 0:00:00
Downloading iniconfig-2.3.0-py3-none-any.whl (7.5 kB)
Downloading pluggy-1.6.0-py3-none-any.whl (20 kB)
Downloading regex-2026.9.29-cp312-cp312-manylinux2014_x86_64.manylinux_2_17_x86_64.manylinux_2_28_x86_64.whl (807 kB)
   ━━━━━━━━━━━━━━━━━━━━━━━━━━━━━━━━━━━━━━━ 807.8/807.8 kB 115.7 MB/s eta 0:00:00
Downloading tqdm-4.70.1-py3-none-any.whl (80 kB)
   ━━━━━━━━━━━━━━━━━━━━━━━━━━━━━━━━━━━━━━━━ 80.2/80.2 kB 23.4 MB/s eta 0:00:00
Installing collected packages: tqdm, safetensors, regex, python-dotenv, pluggy, numpy, iniconfig, hf-xet, scipy, pytest, huggingface-hub, tokenizers, transformers, bitsandbytes, accelerate
  Attempting uninstall: numpy
    Found existing installation: numpy 2.1.2
    Not uninstalling numpy at /usr/local/lib/python3.12/dist-packages, outside environment /workspace/sae-assay/venv
    Can't uninstall 'numpy'. No files were found to uninstall.
Successfully installed accelerate-1.2.1 bitsandbytes-0.50.2 hf-xet-1.6.0 huggingface-hub-0.36.2 iniconfig-2.3.0 numpy-2.2.6 pluggy-1.6.0 pytest-8.4.2 python-dotenv-1.1.1 regex-2026.9.29 safetensors-0.8.0 scipy-1.15.3 tokenizers-0.21.4 tqdm-4.70.1 transformers-4.47.1
{"completed":"replay-calibration-assistant-roleplay-01","rows":1,"utc":"2026-09-30T16:12:54.620734+00:00"}
{"completed":"replay-calibration-assistant-roleplay-02","rows":2,"utc":"2026-09-30T16:12:55.272761+00:00"}
{"completed":"replay-calibration-assistant-roleplay-03","rows":3,"utc":"2026-09-30T16:12:55.967151+00:00"}
{"completed":"replay-calibration-assistant-roleplay-04","rows":4,"utc":"2026-09-30T16:12:56.638495+00:00"}
{"completed":"replay-calibration-assistant-roleplay-05","rows":5,"utc":"2026-09-30T16:12:57.351691+00:00"}
{"completed":"replay-calibration-assistant-roleplay-06","rows":6,"utc":"2026-09-30T16:15:29.160409+00:00"}
{"completed":"replay-calibration-cover-story-01","rows":7,"utc":"2026-09-30T16:15:29.863483+00:00"}
{"completed":"replay-calibration-cover-story-02","rows":8,"utc":"2026-09-30T16:15:30.563015+00:00"}
{"completed":"replay-calibration-cover-story-03","rows":9,"utc":"2026-09-30T16:15:31.277716+00:00"}
{"completed":"replay-calibration-cover-story-04","rows":10,"utc":"2026-09-30T16:15:32.063528+00:00"}
{"completed":"replay-calibration-cover-story-05","rows":11,"utc":"2026-09-30T16:15:32.778688+00:00"}
{"completed":"replay-calibration-cover-story-06","rows":12,"utc":"2026-09-30T16:15:33.503597+00:00"}
{"completed":"replay-calibration-dishonesty-01","rows":13,"utc":"2026-09-30T16:15:34.236491+00:00"}
{"completed":"replay-calibration-dishonesty-02","rows":14,"utc":"2026-09-30T16:15:34.973547+00:00"}
{"completed":"replay-calibration-dishonesty-03","rows":15,"utc":"2026-09-30T16:15:42.345092+00:00"}
{"completed":"replay-calibration-dishonesty-04","rows":16,"utc":"2026-09-30T16:15:43.084017+00:00"}
{"completed":"replay-calibration-dishonesty-05","rows":17,"utc":"2026-09-30T16:15:43.828168+00:00"}
{"completed":"replay-calibration-dishonesty-06","rows":18,"utc":"2026-09-30T16:15:44.574780+00:00"}
{"completed":"replay-calibration-misdirection-01","rows":19,"utc":"2026-09-30T16:15:45.340700+00:00"}
{"completed":"replay-calibration-misdirection-02","rows":20,"utc":"2026-09-30T16:15:46.239678+00:00"}
{"completed":"replay-calibration-misdirection-03","rows":21,"utc":"2026-09-30T16:15:47.031474+00:00"}
{"completed":"replay-calibration-misdirection-04","rows":22,"utc":"2026-09-30T16:15:47.776372+00:00"}
{"completed":"replay-calibration-misdirection-05","rows":23,"utc":"2026-09-30T16:15:48.545295+00:00"}
{"completed":"replay-calibration-misdirection-06","rows":24,"utc":"2026-09-30T16:15:49.257431+00:00"}
{"completed":"replay-calibration-neutral-01","rows":25,"utc":"2026-09-30T16:15:50.118774+00:00"}
{"completed":"replay-calibration-neutral-02","rows":26,"utc":"2026-09-30T16:15:50.783438+00:00"}
{"completed":"replay-calibration-neutral-03","rows":27,"utc":"2026-09-30T16:15:51.498856+00:00"}
{"completed":"replay-calibration-neutral-04","rows":28,"utc":"2026-09-30T16:15:52.152922+00:00"}
{"completed":"replay-calibration-neutral-05","rows":29,"utc":"2026-09-30T16:15:52.787336+00:00"}
{"completed":"replay-calibration-neutral-06","rows":30,"utc":"2026-09-30T16:15:53.677417+00:00"}
{"completed":"replay-calibration-neutral-07","rows":31,"utc":"2026-09-30T16:15:54.488694+00:00"}
{"completed":"replay-calibration-neutral-08","rows":32,"utc":"2026-09-30T16:15:55.201252+00:00"}
{"completed":"replay-calibration-neutral-09","rows":33,"utc":"2026-09-30T16:15:55.990034+00:00"}
{"completed":"replay-calibration-neutral-10","rows":34,"utc":"2026-09-30T16:15:56.678056+00:00"}
{"completed":"replay-calibration-neutral-11","rows":35,"utc":"2026-09-30T16:15:57.615574+00:00"}
{"completed":"replay-calibration-neutral-12","rows":36,"utc":"2026-09-30T16:15:58.348351+00:00"}
{"completed":"replay-calibration-persona-maintenance-01","rows":37,"utc":"2026-09-30T16:15:59.083163+00:00"}
{"completed":"replay-calibration-persona-maintenance-02","rows":38,"utc":"2026-09-30T16:15:59.803584+00:00"}
{"completed":"replay-calibration-persona-maintenance-03","rows":39,"utc":"2026-09-30T16:16:00.534206+00:00"}
{"completed":"replay-calibration-persona-maintenance-04","rows":40,"utc":"2026-09-30T16:16:01.640403+00:00"}
{"completed":"replay-calibration-persona-maintenance-05","rows":41,"utc":"2026-09-30T16:16:02.404300+00:00"}
{"completed":"replay-calibration-persona-maintenance-06","rows":42,"utc":"2026-09-30T16:16:03.147575+00:00"}
{"completed":"replay-calibration-pretending-01","rows":43,"utc":"2026-09-30T16:16:03.857029+00:00"}
{"completed":"replay-calibration-pretending-02","rows":44,"utc":"2026-09-30T16:16:04.556145+00:00"}
{"completed":"replay-calibration-pretending-03","rows":45,"utc":"2026-09-30T16:16:05.547518+00:00"}
{"completed":"replay-calibration-pretending-04","rows":46,"utc":"2026-09-30T16:16:06.287817+00:00"}
{"completed":"replay-calibration-pretending-05","rows":47,"utc":"2026-09-30T16:16:07.006323+00:00"}
{"completed":"replay-calibration-pretending-06","rows":48,"utc":"2026-09-30T16:16:07.740999+00:00"}
{"completed":"replay-map-deception_cover_story-000","rows":49,"utc":"2026-09-30T16:16:08.138661+00:00"}
{"completed":"replay-map-deception_cover_story-001","rows":50,"utc":"2026-09-30T16:16:08.842245+00:00"}
{"completed":"replay-map-deception_cover_story-002","rows":51,"utc":"2026-09-30T16:16:09.276398+00:00"}
{"completed":"replay-map-deception_cover_story-003","rows":52,"utc":"2026-09-30T16:16:09.687403+00:00"}
{"completed":"replay-map-deception_cover_story-004","rows":53,"utc":"2026-09-30T16:16:10.141827+00:00"}
{"completed":"replay-map-deception_cover_story-005","rows":54,"utc":"2026-09-30T16:16:10.517289+00:00"}
{"completed":"replay-map-deception_cover_story-006","rows":55,"utc":"2026-09-30T16:16:11.345417+00:00"}
{"completed":"replay-map-deception_cover_story-007","rows":56,"utc":"2026-09-30T16:16:11.809974+00:00"}
{"completed":"replay-map-deception_cover_story-008","rows":57,"utc":"2026-09-30T16:16:12.248146+00:00"}
{"completed":"replay-map-deception_cover_story-009","rows":58,"utc":"2026-09-30T16:16:12.689338+00:00"}
{"completed":"replay-map-deception_cover_story-010","rows":59,"utc":"2026-09-30T16:16:13.192306+00:00"}
{"completed":"replay-map-deception_cover_story-011","rows":60,"utc":"2026-09-30T16:16:14.027283+00:00"}
{"completed":"replay-map-deception_cover_story-012","rows":61,"utc":"2026-09-30T16:16:14.483176+00:00"}
{"completed":"replay-map-deception_cover_story-013","rows":62,"utc":"2026-09-30T16:16:14.881109+00:00"}
{"completed":"replay-map-deception_cover_story-014","rows":63,"utc":"2026-09-30T16:16:15.308839+00:00"}
{"completed":"replay-map-deception_cover_story-015","rows":64,"utc":"2026-09-30T16:16:15.779511+00:00"}
{"completed":"replay-map-deception_cover_story-016","rows":65,"utc":"2026-09-30T16:16:16.587632+00:00"}
{"completed":"replay-map-deception_cover_story-017","rows":66,"utc":"2026-09-30T16:16:17.091519+00:00"}
{"completed":"replay-map-deception_cover_story-018","rows":67,"utc":"2026-09-30T16:16:17.534656+00:00"}
{"completed":"replay-map-deception_cover_story-019","rows":68,"utc":"2026-09-30T16:16:17.917750+00:00"}
{"completed":"replay-map-deception_cover_story-020","rows":69,"utc":"2026-09-30T16:16:18.278387+00:00"}
{"completed":"replay-map-deception_cover_story-021","rows":70,"utc":"2026-09-30T16:16:19.080358+00:00"}
{"completed":"replay-map-deception_cover_story-022","rows":71,"utc":"2026-09-30T16:16:19.616708+00:00"}
{"completed":"replay-map-deception_cover_story-023","rows":72,"utc":"2026-09-30T16:16:20.015570+00:00"}
{"completed":"replay-map-deception_cover_story-024","rows":73,"utc":"2026-09-30T16:16:20.413392+00:00"}
{"completed":"replay-map-deception_cover_story-025","rows":74,"utc":"2026-09-30T16:16:20.753418+00:00"}
{"completed":"replay-map-deception_cover_story-026","rows":75,"utc":"2026-09-30T16:16:21.531205+00:00"}
{"completed":"replay-map-deception_cover_story-027","rows":76,"utc":"2026-09-30T16:16:22.002609+00:00"}
{"completed":"replay-map-deception_cover_story-028","rows":77,"utc":"2026-09-30T16:16:22.390803+00:00"}
{"completed":"replay-map-deception_cover_story-029","rows":78,"utc":"2026-09-30T16:16:22.782438+00:00"}
{"completed":"replay-map-deception_cover_story-030","rows":79,"utc":"2026-09-30T16:16:23.178056+00:00"}
{"completed":"replay-map-deception_cover_story-031","rows":80,"utc":"2026-09-30T16:16:23.970953+00:00"}
{"completed":"replay-map-deception_cover_story-032","rows":81,"utc":"2026-09-30T16:16:24.497505+00:00"}
{"completed":"replay-map-deception_cover_story-033","rows":82,"utc":"2026-09-30T16:16:24.998354+00:00"}
{"completed":"replay-map-deception_cover_story-034","rows":83,"utc":"2026-09-30T16:16:25.497010+00:00"}
{"completed":"replay-map-deception_cover_story-035","rows":84,"utc":"2026-09-30T16:16:25.995543+00:00"}
{"completed":"replay-map-deception_cover_story-036","rows":85,"utc":"2026-09-30T16:16:26.826015+00:00"}
{"completed":"replay-map-deception_cover_story-037","rows":86,"utc":"2026-09-30T16:16:27.296962+00:00"}
{"completed":"replay-map-deception_cover_story-038","rows":87,"utc":"2026-09-30T16:16:27.785388+00:00"}
{"completed":"replay-map-deception_cover_story-039","rows":88,"utc":"2026-09-30T16:16:28.219568+00:00"}
{"completed":"replay-map-deception_cover_story-040","rows":89,"utc":"2026-09-30T16:16:28.638744+00:00"}
{"completed":"replay-map-deception_cover_story-041","rows":90,"utc":"2026-09-30T16:16:29.522842+00:00"}
{"completed":"replay-map-deception_cover_story-042","rows":91,"utc":"2026-09-30T16:16:29.969017+00:00"}
{"completed":"replay-map-deception_cover_story-043","rows":92,"utc":"2026-09-30T16:16:30.399940+00:00"}
{"completed":"replay-map-deception_cover_story-044","rows":93,"utc":"2026-09-30T16:16:30.819789+00:00"}
{"completed":"replay-map-deception_cover_story-045","rows":94,"utc":"2026-09-30T16:16:31.245687+00:00"}
{"completed":"replay-map-deception_cover_story-046","rows":95,"utc":"2026-09-30T16:16:32.192253+00:00"}
{"completed":"replay-map-deception_cover_story-047","rows":96,"utc":"2026-09-30T16:16:32.706740+00:00"}
{"completed":"replay-map-deception_cover_story-048","rows":97,"utc":"2026-09-30T16:16:33.196670+00:00"}
{"completed":"replay-map-deception_cover_story-049","rows":98,"utc":"2026-09-30T16:16:33.663573+00:00"}
{"completed":"replay-map-deception_cover_story-050","rows":99,"utc":"2026-09-30T16:16:34.088211+00:00"}
{"completed":"replay-map-deception_cover_story-051","rows":100,"utc":"2026-09-30T16:16:34.954294+00:00"}
{"completed":"replay-map-deception_cover_story-052","rows":101,"utc":"2026-09-30T16:16:35.410295+00:00"}
{"completed":"replay-map-deception_cover_story-053","rows":102,"utc":"2026-09-30T16:16:35.821732+00:00"}
{"completed":"replay-map-deception_cover_story-054","rows":103,"utc":"2026-09-30T16:16:36.239114+00:00"}
{"completed":"replay-map-deception_cover_story-055","rows":104,"utc":"2026-09-30T16:16:36.605522+00:00"}
{"completed":"replay-map-deception_cover_story-056","rows":105,"utc":"2026-09-30T16:16:37.545038+00:00"}
{"completed":"replay-map-deception_cover_story-057","rows":106,"utc":"2026-09-30T16:16:38.004534+00:00"}
{"completed":"replay-map-deception_cover_story-058","rows":107,"utc":"2026-09-30T16:16:38.406150+00:00"}
{"completed":"replay-map-deception_cover_story-059","rows":108,"utc":"2026-09-30T16:16:38.894659+00:00"}
{"completed":"replay-map-deception_cover_story-060","rows":109,"utc":"2026-09-30T16:16:39.347066+00:00"}
{"completed":"replay-map-deception_cover_story-061","rows":110,"utc":"2026-09-30T16:16:40.259449+00:00"}
{"completed":"replay-map-deception_cover_story-062","rows":111,"utc":"2026-09-30T16:16:40.787013+00:00"}
{"completed":"replay-map-deception_cover_story-063","rows":112,"utc":"2026-09-30T16:16:41.197825+00:00"}
{"completed":"replay-map-dishonesty_confession-000","rows":113,"utc":"2026-09-30T16:16:41.616746+00:00"}
{"completed":"replay-map-dishonesty_confession-001","rows":114,"utc":"2026-09-30T16:16:42.113159+00:00"}
{"completed":"replay-map-dishonesty_confession-002","rows":115,"utc":"2026-09-30T16:16:43.227760+00:00"}
{"completed":"replay-map-dishonesty_confession-003","rows":116,"utc":"2026-09-30T16:16:43.724146+00:00"}
{"completed":"replay-map-dishonesty_confession-004","rows":117,"utc":"2026-09-30T16:16:44.147481+00:00"}
{"completed":"replay-map-dishonesty_confession-005","rows":118,"utc":"2026-09-30T16:16:44.553054+00:00"}
{"completed":"replay-map-dishonesty_confession-006","rows":119,"utc":"2026-09-30T16:16:44.919918+00:00"}
{"completed":"replay-map-dishonesty_confession-007","rows":120,"utc":"2026-09-30T16:16:45.950276+00:00"}
{"completed":"replay-map-dishonesty_confession-008","rows":121,"utc":"2026-09-30T16:16:46.451625+00:00"}
{"completed":"replay-map-dishonesty_confession-009","rows":122,"utc":"2026-09-30T16:16:46.897838+00:00"}
{"completed":"replay-map-dishonesty_confession-010","rows":123,"utc":"2026-09-30T16:16:47.412866+00:00"}
{"completed":"replay-map-dishonesty_confession-011","rows":124,"utc":"2026-09-30T16:16:47.820751+00:00"}
{"completed":"replay-map-dishonesty_confession-012","rows":125,"utc":"2026-09-30T16:16:48.868982+00:00"}
{"completed":"replay-map-dishonesty_confession-013","rows":126,"utc":"2026-09-30T16:16:49.355005+00:00"}
{"completed":"replay-map-dishonesty_confession-014","rows":127,"utc":"2026-09-30T16:16:49.749365+00:00"}
{"completed":"replay-map-dishonesty_confession-015","rows":128,"utc":"2026-09-30T16:16:50.214975+00:00"}
{"completed":"replay-map-dishonesty_confession-016","rows":129,"utc":"2026-09-30T16:16:50.654294+00:00"}
{"completed":"replay-map-dishonesty_confession-017","rows":130,"utc":"2026-09-30T16:16:51.844364+00:00"}
{"completed":"replay-map-dishonesty_confession-018","rows":131,"utc":"2026-09-30T16:16:52.331368+00:00"}
{"completed":"replay-map-dishonesty_confession-019","rows":132,"utc":"2026-09-30T16:16:52.707056+00:00"}
{"completed":"replay-map-dishonesty_confession-020","rows":133,"utc":"2026-09-30T16:16:53.118566+00:00"}
{"completed":"replay-map-dishonesty_confession-021","rows":134,"utc":"2026-09-30T16:16:53.556128+00:00"}
{"completed":"replay-map-dishonesty_confession-022","rows":135,"utc":"2026-09-30T16:16:55.001248+00:00"}
{"completed":"replay-map-dishonesty_confession-023","rows":136,"utc":"2026-09-30T16:16:55.569185+00:00"}
{"completed":"replay-map-dishonesty_confession-024","rows":137,"utc":"2026-09-30T16:16:56.060883+00:00"}
{"completed":"replay-map-dishonesty_confession-025","rows":138,"utc":"2026-09-30T16:16:56.619982+00:00"}
{"completed":"replay-map-dishonesty_confession-026","rows":139,"utc":"2026-09-30T16:16:57.029345+00:00"}
{"completed":"replay-map-dishonesty_confession-027","rows":140,"utc":"2026-09-30T16:16:58.443360+00:00"}
{"completed":"replay-map-dishonesty_confession-028","rows":141,"utc":"2026-09-30T16:16:58.961324+00:00"}
{"completed":"replay-map-dishonesty_confession-029","rows":142,"utc":"2026-09-30T16:16:59.418944+00:00"}
{"completed":"replay-map-dishonesty_confession-030","rows":143,"utc":"2026-09-30T16:16:59.918689+00:00"}
{"completed":"replay-map-dishonesty_confession-031","rows":144,"utc":"2026-09-30T16:17:00.312310+00:00"}
{"completed":"replay-map-dishonesty_confession-032","rows":145,"utc":"2026-09-30T16:17:01.539626+00:00"}
{"completed":"replay-map-dishonesty_confession-033","rows":146,"utc":"2026-09-30T16:17:02.076550+00:00"}
{"completed":"replay-map-dishonesty_confession-034","rows":147,"utc":"2026-09-30T16:17:02.530181+00:00"}
{"completed":"replay-map-dishonesty_confession-035","rows":148,"utc":"2026-09-30T16:17:02.919223+00:00"}
{"completed":"replay-map-dishonesty_confession-036","rows":149,"utc":"2026-09-30T16:17:03.399068+00:00"}
{"completed":"replay-map-dishonesty_confession-037","rows":150,"utc":"2026-09-30T16:17:04.786258+00:00"}
{"completed":"replay-map-dishonesty_confession-038","rows":151,"utc":"2026-09-30T16:17:05.377951+00:00"}
{"completed":"replay-map-dishonesty_confession-039","rows":152,"utc":"2026-09-30T16:17:05.867001+00:00"}
{"completed":"replay-map-dishonesty_confession-040","rows":153,"utc":"2026-09-30T16:17:06.462728+00:00"}
{"completed":"replay-map-dishonesty_confession-041","rows":154,"utc":"2026-09-30T16:17:06.806163+00:00"}
{"completed":"replay-map-dishonesty_confession-042","rows":155,"utc":"2026-09-30T16:17:08.158644+00:00"}
{"completed":"replay-map-dishonesty_confession-043","rows":156,"utc":"2026-09-30T16:17:08.664533+00:00"}
{"completed":"replay-map-dishonesty_confession-044","rows":157,"utc":"2026-09-30T16:17:09.116869+00:00"}
{"completed":"replay-map-dishonesty_confession-045","rows":158,"utc":"2026-09-30T16:17:09.500456+00:00"}
{"completed":"replay-map-dishonesty_confession-046","rows":159,"utc":"2026-09-30T16:17:09.905853+00:00"}
{"completed":"replay-map-dishonesty_confession-047","rows":160,"utc":"2026-09-30T16:17:11.560874+00:00"}
{"completed":"replay-map-dishonesty_confession-048","rows":161,"utc":"2026-09-30T16:17:12.215346+00:00"}
{"completed":"replay-map-dishonesty_confession-049","rows":162,"utc":"2026-09-30T16:17:12.711527+00:00"}
{"completed":"replay-map-dishonesty_confession-050","rows":163,"utc":"2026-09-30T16:17:13.157480+00:00"}
{"completed":"replay-map-dishonesty_confession-051","rows":164,"utc":"2026-09-30T16:17:13.633387+00:00"}
{"completed":"replay-map-dishonesty_confession-052","rows":165,"utc":"2026-09-30T16:17:15.417482+00:00"}
{"completed":"replay-map-dishonesty_confession-053","rows":166,"utc":"2026-09-30T16:17:15.931814+00:00"}
{"completed":"replay-map-dishonesty_confession-054","rows":167,"utc":"2026-09-30T16:17:16.370877+00:00"}
{"completed":"replay-map-dishonesty_confession-055","rows":168,"utc":"2026-09-30T16:17:16.816964+00:00"}
{"completed":"replay-map-dishonesty_confession-056","rows":169,"utc":"2026-09-30T16:17:17.207404+00:00"}
{"completed":"replay-map-dishonesty_confession-057","rows":170,"utc":"2026-09-30T16:17:18.700263+00:00"}
{"completed":"replay-map-dishonesty_confession-058","rows":171,"utc":"2026-09-30T16:17:19.263090+00:00"}
{"completed":"replay-map-dishonesty_confession-059","rows":172,"utc":"2026-09-30T16:17:19.769410+00:00"}
{"completed":"replay-map-dishonesty_confession-060","rows":173,"utc":"2026-09-30T16:17:20.262725+00:00"}
{"completed":"replay-map-dishonesty_confession-061","rows":174,"utc":"2026-09-30T16:17:20.712719+00:00"}
{"completed":"replay-map-dishonesty_confession-062","rows":175,"utc":"2026-09-30T16:17:31.038688+00:00"}
{"completed":"replay-map-dishonesty_confession-063","rows":176,"utc":"2026-09-30T16:17:31.526387+00:00"}
{"completed":"replay-map-fictional_pretending-000","rows":177,"utc":"2026-09-30T16:17:31.964287+00:00"}
{"completed":"replay-map-fictional_pretending-001","rows":178,"utc":"2026-09-30T16:17:32.419371+00:00"}
{"completed":"replay-map-fictional_pretending-002","rows":179,"utc":"2026-09-30T16:17:32.910013+00:00"}
{"completed":"replay-map-fictional_pretending-003","rows":180,"utc":"2026-09-30T16:17:34.293861+00:00"}
{"completed":"replay-map-fictional_pretending-004","rows":181,"utc":"2026-09-30T16:17:34.857998+00:00"}
{"completed":"replay-map-fictional_pretending-005","rows":182,"utc":"2026-09-30T16:17:35.364405+00:00"}
{"completed":"replay-map-fictional_pretending-006","rows":183,"utc":"2026-09-30T16:17:35.822767+00:00"}
{"completed":"replay-map-fictional_pretending-007","rows":184,"utc":"2026-09-30T16:17:36.303397+00:00"}
{"completed":"replay-map-fictional_pretending-008","rows":185,"utc":"2026-09-30T16:17:37.789791+00:00"}
{"completed":"replay-map-fictional_pretending-009","rows":186,"utc":"2026-09-30T16:17:38.362938+00:00"}
{"completed":"replay-map-fictional_pretending-010","rows":187,"utc":"2026-09-30T16:17:38.822732+00:00"}
{"completed":"replay-map-fictional_pretending-011","rows":188,"utc":"2026-09-30T16:17:39.335526+00:00"}
{"completed":"replay-map-fictional_pretending-012","rows":189,"utc":"2026-09-30T16:17:39.762436+00:00"}
{"completed":"replay-map-fictional_pretending-013","rows":190,"utc":"2026-09-30T16:17:41.229215+00:00"}
{"completed":"replay-map-fictional_pretending-014","rows":191,"utc":"2026-09-30T16:17:41.834697+00:00"}
{"completed":"replay-map-fictional_pretending-015","rows":192,"utc":"2026-09-30T16:17:42.310006+00:00"}
{"completed":"replay-map-fictional_pretending-016","rows":193,"utc":"2026-09-30T16:17:42.832149+00:00"}
{"completed":"replay-map-fictional_pretending-017","rows":194,"utc":"2026-09-30T16:17:43.354984+00:00"}
{"completed":"replay-map-fictional_pretending-018","rows":195,"utc":"2026-09-30T16:17:44.955739+00:00"}
{"completed":"replay-map-fictional_pretending-019","rows":196,"utc":"2026-09-30T16:17:45.539330+00:00"}
{"completed":"replay-map-fictional_pretending-020","rows":197,"utc":"2026-09-30T16:17:46.055153+00:00"}
{"completed":"replay-map-fictional_pretending-021","rows":198,"utc":"2026-09-30T16:17:46.611806+00:00"}
{"completed":"replay-map-fictional_pretending-022","rows":199,"utc":"2026-09-30T16:17:47.132748+00:00"}
{"completed":"replay-map-fictional_pretending-023","rows":200,"utc":"2026-09-30T16:17:48.859214+00:00"}
{"completed":"replay-map-fictional_pretending-024","rows":201,"utc":"2026-09-30T16:17:49.487877+00:00"}
{"completed":"replay-map-fictional_pretending-025","rows":202,"utc":"2026-09-30T16:17:50.063434+00:00"}
{"completed":"replay-map-fictional_pretending-026","rows":203,"utc":"2026-09-30T16:17:50.570753+00:00"}
{"completed":"replay-map-fictional_pretending-027","rows":204,"utc":"2026-09-30T16:17:51.120254+00:00"}
{"completed":"replay-map-fictional_pretending-028","rows":205,"utc":"2026-09-30T16:17:52.990133+00:00"}
{"completed":"replay-map-fictional_pretending-029","rows":206,"utc":"2026-09-30T16:17:53.560783+00:00"}
{"completed":"replay-map-fictional_pretending-030","rows":207,"utc":"2026-09-30T16:17:54.060414+00:00"}
{"completed":"replay-map-fictional_pretending-031","rows":208,"utc":"2026-09-30T16:17:54.539824+00:00"}
{"completed":"replay-map-fictional_pretending-032","rows":209,"utc":"2026-09-30T16:17:55.107104+00:00"}
{"completed":"replay-map-fictional_pretending-033","rows":210,"utc":"2026-09-30T16:17:57.177902+00:00"}
{"completed":"replay-map-fictional_pretending-034","rows":211,"utc":"2026-09-30T16:17:57.768033+00:00"}
{"completed":"replay-map-fictional_pretending-035","rows":212,"utc":"2026-09-30T16:17:58.329093+00:00"}
{"completed":"replay-map-fictional_pretending-036","rows":213,"utc":"2026-09-30T16:17:58.861031+00:00"}
{"completed":"replay-map-fictional_pretending-037","rows":214,"utc":"2026-09-30T16:17:59.359994+00:00"}
{"completed":"replay-map-fictional_pretending-038","rows":215,"utc":"2026-09-30T16:18:01.254536+00:00"}
{"completed":"replay-map-fictional_pretending-039","rows":216,"utc":"2026-09-30T16:18:02.044907+00:00"}
{"completed":"replay-map-fictional_pretending-040","rows":217,"utc":"2026-09-30T16:18:02.522922+00:00"}
{"completed":"replay-map-fictional_pretending-041","rows":218,"utc":"2026-09-30T16:18:02.963545+00:00"}
{"completed":"replay-map-fictional_pretending-042","rows":219,"utc":"2026-09-30T16:18:03.458688+00:00"}
{"completed":"replay-map-fictional_pretending-043","rows":220,"utc":"2026-09-30T16:18:05.262846+00:00"}
{"completed":"replay-map-fictional_pretending-044","rows":221,"utc":"2026-09-30T16:18:05.920622+00:00"}
{"completed":"replay-map-fictional_pretending-045","rows":222,"utc":"2026-09-30T16:18:06.361617+00:00"}
{"completed":"replay-map-fictional_pretending-046","rows":223,"utc":"2026-09-30T16:18:06.873918+00:00"}
{"completed":"replay-map-fictional_pretending-047","rows":224,"utc":"2026-09-30T16:18:07.423761+00:00"}
{"completed":"replay-map-fictional_pretending-048","rows":225,"utc":"2026-09-30T16:18:09.016665+00:00"}
{"completed":"replay-map-fictional_pretending-049","rows":226,"utc":"2026-09-30T16:18:09.656221+00:00"}
{"completed":"replay-map-fictional_pretending-050","rows":227,"utc":"2026-09-30T16:18:10.124567+00:00"}
{"completed":"replay-map-fictional_pretending-051","rows":228,"utc":"2026-09-30T16:18:10.595469+00:00"}
{"completed":"replay-map-fictional_pretending-052","rows":229,"utc":"2026-09-30T16:18:11.126585+00:00"}
{"completed":"replay-map-fictional_pretending-053","rows":230,"utc":"2026-09-30T16:18:12.848839+00:00"}
{"completed":"replay-map-fictional_pretending-054","rows":231,"utc":"2026-09-30T16:18:13.430612+00:00"}
{"completed":"replay-map-fictional_pretending-055","rows":232,"utc":"2026-09-30T16:18:13.915548+00:00"}
{"completed":"replay-map-fictional_pretending-056","rows":233,"utc":"2026-09-30T16:18:14.407207+00:00"}
{"completed":"replay-map-fictional_pretending-057","rows":234,"utc":"2026-09-30T16:18:14.911779+00:00"}
{"completed":"replay-map-fictional_pretending-058","rows":235,"utc":"2026-09-30T16:18:16.845154+00:00"}
{"completed":"replay-map-fictional_pretending-059","rows":236,"utc":"2026-09-30T16:18:17.435463+00:00"}
{"completed":"replay-map-fictional_pretending-060","rows":237,"utc":"2026-09-30T16:18:17.960252+00:00"}
{"completed":"replay-map-fictional_pretending-061","rows":238,"utc":"2026-09-30T16:18:18.472048+00:00"}
{"completed":"replay-map-fictional_pretending-062","rows":239,"utc":"2026-09-30T16:18:18.967899+00:00"}
{"completed":"replay-map-fictional_pretending-063","rows":240,"utc":"2026-09-30T16:18:21.020325+00:00"}
{"completed":"replay-map-neutral_factual_control-000","rows":241,"utc":"2026-09-30T16:18:21.531205+00:00"}
{"completed":"replay-map-neutral_factual_control-001","rows":242,"utc":"2026-09-30T16:18:21.906011+00:00"}
{"completed":"replay-map-neutral_factual_control-002","rows":243,"utc":"2026-09-30T16:18:22.343016+00:00"}
{"completed":"replay-map-neutral_factual_control-003","rows":244,"utc":"2026-09-30T16:18:22.753534+00:00"}
{"completed":"replay-map-neutral_factual_control-004","rows":245,"utc":"2026-09-30T16:18:24.518425+00:00"}
{"completed":"replay-map-neutral_factual_control-005","rows":246,"utc":"2026-09-30T16:18:25.027631+00:00"}
{"completed":"replay-map-neutral_factual_control-006","rows":247,"utc":"2026-09-30T16:18:25.428327+00:00"}
{"completed":"replay-map-neutral_factual_control-007","rows":248,"utc":"2026-09-30T16:18:25.810428+00:00"}
{"completed":"replay-map-neutral_factual_control-008","rows":249,"utc":"2026-09-30T16:18:26.216351+00:00"}
{"completed":"replay-map-neutral_factual_control-009","rows":250,"utc":"2026-09-30T16:18:28.050100+00:00"}
{"completed":"replay-map-neutral_factual_control-010","rows":251,"utc":"2026-09-30T16:18:28.592455+00:00"}
{"completed":"replay-map-neutral_factual_control-011","rows":252,"utc":"2026-09-30T16:18:29.164181+00:00"}
{"completed":"replay-map-neutral_factual_control-012","rows":253,"utc":"2026-09-30T16:18:29.572674+00:00"}
{"completed":"replay-map-neutral_factual_control-013","rows":254,"utc":"2026-09-30T16:18:29.959804+00:00"}
{"completed":"replay-map-neutral_factual_control-014","rows":255,"utc":"2026-09-30T16:18:31.980610+00:00"}
{"completed":"replay-map-neutral_factual_control-015","rows":256,"utc":"2026-09-30T16:18:32.470263+00:00"}
{"completed":"replay-map-neutral_factual_control-016","rows":257,"utc":"2026-09-30T16:18:32.908011+00:00"}
{"completed":"replay-map-neutral_factual_control-017","rows":258,"utc":"2026-09-30T16:18:33.353317+00:00"}
{"completed":"replay-map-neutral_factual_control-018","rows":259,"utc":"2026-09-30T16:18:33.768253+00:00"}
{"completed":"replay-map-neutral_factual_control-019","rows":260,"utc":"2026-09-30T16:18:35.523245+00:00"}
{"completed":"replay-map-neutral_factual_control-020","rows":261,"utc":"2026-09-30T16:18:36.035544+00:00"}
{"completed":"replay-map-neutral_factual_control-021","rows":262,"utc":"2026-09-30T16:18:36.442117+00:00"}
{"completed":"replay-map-neutral_factual_control-022","rows":263,"utc":"2026-09-30T16:18:36.876981+00:00"}
{"completed":"replay-map-neutral_factual_control-023","rows":264,"utc":"2026-09-30T16:18:37.278425+00:00"}
{"completed":"replay-map-neutral_factual_control-024","rows":265,"utc":"2026-09-30T16:18:39.282895+00:00"}
{"completed":"replay-map-neutral_factual_control-025","rows":266,"utc":"2026-09-30T16:18:39.879123+00:00"}
{"completed":"replay-map-neutral_factual_control-026","rows":267,"utc":"2026-09-30T16:18:40.368854+00:00"}
{"completed":"replay-map-neutral_factual_control-027","rows":268,"utc":"2026-09-30T16:18:40.866228+00:00"}
{"completed":"replay-map-neutral_factual_control-028","rows":269,"utc":"2026-09-30T16:18:41.292453+00:00"}
{"completed":"replay-map-neutral_factual_control-029","rows":270,"utc":"2026-09-30T16:18:43.776667+00:00"}
{"completed":"replay-map-neutral_factual_control-030","rows":271,"utc":"2026-09-30T16:18:44.370408+00:00"}
{"completed":"replay-map-neutral_factual_control-031","rows":272,"utc":"2026-09-30T16:18:44.772564+00:00"}
{"completed":"replay-map-neutral_factual_control-032","rows":273,"utc":"2026-09-30T16:18:45.225575+00:00"}
{"completed":"replay-map-neutral_factual_control-033","rows":274,"utc":"2026-09-30T16:18:45.638562+00:00"}
{"completed":"replay-map-neutral_factual_control-034","rows":275,"utc":"2026-09-30T16:18:47.723685+00:00"}
{"completed":"replay-map-neutral_factual_control-035","rows":276,"utc":"2026-09-30T16:18:48.276991+00:00"}
{"completed":"replay-map-neutral_factual_control-036","rows":277,"utc":"2026-09-30T16:18:48.737800+00:00"}
{"completed":"replay-map-neutral_factual_control-037","rows":278,"utc":"2026-09-30T16:18:49.165114+00:00"}
{"completed":"replay-map-neutral_factual_control-038","rows":279,"utc":"2026-09-30T16:18:49.545575+00:00"}
{"completed":"replay-map-neutral_factual_control-039","rows":280,"utc":"2026-09-30T16:18:51.596236+00:00"}
{"completed":"replay-map-neutral_factual_control-040","rows":281,"utc":"2026-09-30T16:18:52.148756+00:00"}
{"completed":"replay-map-neutral_factual_control-041","rows":282,"utc":"2026-09-30T16:18:52.622284+00:00"}
{"completed":"replay-map-neutral_factual_control-042","rows":283,"utc":"2026-09-30T16:18:53.094682+00:00"}
{"completed":"replay-map-neutral_factual_control-043","rows":284,"utc":"2026-09-30T16:18:53.533535+00:00"}
{"completed":"replay-map-neutral_factual_control-044","rows":285,"utc":"2026-09-30T16:18:55.547129+00:00"}
{"completed":"replay-map-neutral_factual_control-045","rows":286,"utc":"2026-09-30T16:18:56.031980+00:00"}
{"completed":"replay-map-neutral_factual_control-046","rows":287,"utc":"2026-09-30T16:18:56.482532+00:00"}
{"completed":"replay-map-neutral_factual_control-047","rows":288,"utc":"2026-09-30T16:18:56.962441+00:00"}
{"completed":"replay-map-neutral_factual_control-048","rows":289,"utc":"2026-09-30T16:18:57.373327+00:00"}
{"completed":"replay-map-neutral_factual_control-049","rows":290,"utc":"2026-09-30T16:18:59.645887+00:00"}
{"completed":"replay-map-neutral_factual_control-050","rows":291,"utc":"2026-09-30T16:19:00.185346+00:00"}
{"completed":"replay-map-neutral_factual_control-051","rows":292,"utc":"2026-09-30T16:19:00.674511+00:00"}
{"completed":"replay-map-neutral_factual_control-052","rows":293,"utc":"2026-09-30T16:19:01.194574+00:00"}
{"completed":"replay-map-neutral_factual_control-053","rows":294,"utc":"2026-09-30T16:19:01.638957+00:00"}
{"completed":"replay-map-neutral_factual_control-054","rows":295,"utc":"2026-09-30T16:19:03.739149+00:00"}
{"completed":"replay-map-neutral_factual_control-055","rows":296,"utc":"2026-09-30T16:19:04.278945+00:00"}
{"completed":"replay-map-neutral_factual_control-056","rows":297,"utc":"2026-09-30T16:19:04.769597+00:00"}
{"completed":"replay-map-neutral_factual_control-057","rows":298,"utc":"2026-09-30T16:19:05.200809+00:00"}
{"completed":"replay-map-neutral_factual_control-058","rows":299,"utc":"2026-09-30T16:19:05.669897+00:00"}
{"completed":"replay-map-neutral_factual_control-059","rows":300,"utc":"2026-09-30T16:19:08.159639+00:00"}
{"completed":"replay-map-neutral_factual_control-060","rows":301,"utc":"2026-09-30T16:19:20.573953+00:00"}
{"completed":"replay-map-neutral_factual_control-061","rows":302,"utc":"2026-09-30T16:19:21.073209+00:00"}
{"completed":"replay-map-neutral_factual_control-062","rows":303,"utc":"2026-09-30T16:19:21.574534+00:00"}
{"completed":"replay-map-neutral_factual_control-063","rows":304,"utc":"2026-09-30T16:19:22.078740+00:00"}
{"completed":"replay-map-persona_maintenance-000","rows":305,"utc":"2026-09-30T16:19:24.744094+00:00"}
{"completed":"replay-map-persona_maintenance-001","rows":306,"utc":"2026-09-30T16:19:25.384238+00:00"}
{"completed":"replay-map-persona_maintenance-002","rows":307,"utc":"2026-09-30T16:19:25.985738+00:00"}
{"completed":"replay-map-persona_maintenance-003","rows":308,"utc":"2026-09-30T16:19:26.770952+00:00"}
{"completed":"replay-map-persona_maintenance-004","rows":309,"utc":"2026-09-30T16:19:27.381881+00:00"}
{"completed":"replay-map-persona_maintenance-005","rows":310,"utc":"2026-09-30T16:19:30.159247+00:00"}
{"completed":"replay-map-persona_maintenance-006","rows":311,"utc":"2026-09-30T16:19:30.813275+00:00"}
{"completed":"replay-map-persona_maintenance-007","rows":312,"utc":"2026-09-30T16:19:31.308661+00:00"}
{"completed":"replay-map-persona_maintenance-008","rows":313,"utc":"2026-09-30T16:19:31.882286+00:00"}
{"completed":"replay-map-persona_maintenance-009","rows":314,"utc":"2026-09-30T16:19:32.437970+00:00"}
{"completed":"replay-map-persona_maintenance-010","rows":315,"utc":"2026-09-30T16:19:35.025004+00:00"}
{"completed":"replay-map-persona_maintenance-011","rows":316,"utc":"2026-09-30T16:19:35.657020+00:00"}
{"completed":"replay-map-persona_maintenance-012","rows":317,"utc":"2026-09-30T16:19:36.194603+00:00"}
{"completed":"replay-map-persona_maintenance-013","rows":318,"utc":"2026-09-30T16:19:36.827593+00:00"}
{"completed":"replay-map-persona_maintenance-014","rows":319,"utc":"2026-09-30T16:19:37.347005+00:00"}
{"completed":"replay-map-persona_maintenance-015","rows":320,"utc":"2026-09-30T16:19:39.931138+00:00"}
{"completed":"replay-map-persona_maintenance-016","rows":321,"utc":"2026-09-30T16:19:40.575716+00:00"}
{"completed":"replay-map-persona_maintenance-017","rows":322,"utc":"2026-09-30T16:19:41.148346+00:00"}
{"completed":"replay-map-persona_maintenance-018","rows":323,"utc":"2026-09-30T16:19:41.730741+00:00"}
{"completed":"replay-map-persona_maintenance-019","rows":324,"utc":"2026-09-30T16:19:42.205335+00:00"}
{"completed":"replay-map-persona_maintenance-020","rows":325,"utc":"2026-09-30T16:19:45.000113+00:00"}
{"completed":"replay-map-persona_maintenance-021","rows":326,"utc":"2026-09-30T16:19:45.703193+00:00"}
{"completed":"replay-map-persona_maintenance-022","rows":327,"utc":"2026-09-30T16:19:46.284168+00:00"}
{"completed":"replay-map-persona_maintenance-023","rows":328,"utc":"2026-09-30T16:19:46.879334+00:00"}
{"completed":"replay-map-persona_maintenance-024","rows":329,"utc":"2026-09-30T16:19:47.443257+00:00"}
{"completed":"replay-map-persona_maintenance-025","rows":330,"utc":"2026-09-30T16:19:49.931624+00:00"}
{"completed":"replay-map-persona_maintenance-026","rows":331,"utc":"2026-09-30T16:19:50.505658+00:00"}
{"completed":"replay-map-persona_maintenance-027","rows":332,"utc":"2026-09-30T16:19:51.080964+00:00"}
{"completed":"replay-map-persona_maintenance-028","rows":333,"utc":"2026-09-30T16:19:51.684489+00:00"}
{"completed":"replay-map-persona_maintenance-029","rows":334,"utc":"2026-09-30T16:19:52.285277+00:00"}
{"completed":"replay-map-persona_maintenance-030","rows":335,"utc":"2026-09-30T16:19:55.079723+00:00"}
{"completed":"replay-map-persona_maintenance-031","rows":336,"utc":"2026-09-30T16:19:55.703662+00:00"}
{"completed":"replay-map-persona_maintenance-032","rows":337,"utc":"2026-09-30T16:19:56.252266+00:00"}
{"completed":"replay-map-persona_maintenance-033","rows":338,"utc":"2026-09-30T16:19:56.861676+00:00"}
{"completed":"replay-map-persona_maintenance-034","rows":339,"utc":"2026-09-30T16:19:57.387911+00:00"}
{"completed":"replay-map-persona_maintenance-035","rows":340,"utc":"2026-09-30T16:20:00.298294+00:00"}
{"completed":"replay-map-persona_maintenance-036","rows":341,"utc":"2026-09-30T16:20:00.994267+00:00"}
{"completed":"replay-map-persona_maintenance-037","rows":342,"utc":"2026-09-30T16:20:01.570871+00:00"}
{"completed":"replay-map-persona_maintenance-038","rows":343,"utc":"2026-09-30T16:20:02.180874+00:00"}
{"completed":"replay-map-persona_maintenance-039","rows":344,"utc":"2026-09-30T16:20:02.755686+00:00"}
{"completed":"replay-map-persona_maintenance-040","rows":345,"utc":"2026-09-30T16:20:05.669932+00:00"}
{"completed":"replay-map-persona_maintenance-041","rows":346,"utc":"2026-09-30T16:20:06.289788+00:00"}
{"completed":"replay-map-persona_maintenance-042","rows":347,"utc":"2026-09-30T16:20:06.780598+00:00"}
{"completed":"replay-map-persona_maintenance-043","rows":348,"utc":"2026-09-30T16:20:07.387123+00:00"}
{"completed":"replay-map-persona_maintenance-044","rows":349,"utc":"2026-09-30T16:20:07.976649+00:00"}
{"completed":"replay-map-persona_maintenance-045","rows":350,"utc":"2026-09-30T16:20:10.450103+00:00"}
{"completed":"replay-map-persona_maintenance-046","rows":351,"utc":"2026-09-30T16:20:11.091816+00:00"}
{"completed":"replay-map-persona_maintenance-047","rows":352,"utc":"2026-09-30T16:20:11.726342+00:00"}
{"completed":"replay-map-persona_maintenance-048","rows":353,"utc":"2026-09-30T16:20:12.277581+00:00"}
{"completed":"replay-map-persona_maintenance-049","rows":354,"utc":"2026-09-30T16:20:12.897960+00:00"}
{"completed":"replay-map-persona_maintenance-050","rows":355,"utc":"2026-09-30T16:20:15.787006+00:00"}
{"completed":"replay-map-persona_maintenance-051","rows":356,"utc":"2026-09-30T16:20:16.394020+00:00"}
{"completed":"replay-map-persona_maintenance-052","rows":357,"utc":"2026-09-30T16:20:16.982878+00:00"}
{"completed":"replay-map-persona_maintenance-053","rows":358,"utc":"2026-09-30T16:20:17.610520+00:00"}
{"completed":"replay-map-persona_maintenance-054","rows":359,"utc":"2026-09-30T16:20:18.229082+00:00"}
{"completed":"replay-map-persona_maintenance-055","rows":360,"utc":"2026-09-30T16:20:20.972372+00:00"}
{"completed":"replay-map-persona_maintenance-056","rows":361,"utc":"2026-09-30T16:20:21.586300+00:00"}
{"completed":"replay-map-persona_maintenance-057","rows":362,"utc":"2026-09-30T16:20:22.258743+00:00"}
{"completed":"replay-map-persona_maintenance-058","rows":363,"utc":"2026-09-30T16:20:22.840289+00:00"}
{"completed":"replay-map-persona_maintenance-059","rows":364,"utc":"2026-09-30T16:20:23.382596+00:00"}
{"completed":"replay-map-persona_maintenance-060","rows":365,"utc":"2026-09-30T16:20:26.132697+00:00"}
{"completed":"replay-map-persona_maintenance-061","rows":366,"utc":"2026-09-30T16:20:26.806407+00:00"}
{"completed":"replay-map-persona_maintenance-062","rows":367,"utc":"2026-09-30T16:20:27.382881+00:00"}
{"completed":"replay-map-persona_maintenance-063","rows":368,"utc":"2026-09-30T16:20:28.006047+00:00"}
{"completed":"replay-map-roleplay_persona-000","rows":369,"utc":"2026-09-30T16:20:28.554610+00:00"}
{"completed":"replay-map-roleplay_persona-001","rows":370,"utc":"2026-09-30T16:20:31.235649+00:00"}
{"completed":"replay-map-roleplay_persona-002","rows":371,"utc":"2026-09-30T16:20:31.889276+00:00"}
{"completed":"replay-map-roleplay_persona-003","rows":372,"utc":"2026-09-30T16:20:32.549167+00:00"}
{"completed":"replay-map-roleplay_persona-004","rows":373,"utc":"2026-09-30T16:20:33.080708+00:00"}
{"completed":"replay-map-roleplay_persona-005","rows":374,"utc":"2026-09-30T16:20:33.676478+00:00"}
{"completed":"replay-map-roleplay_persona-006","rows":375,"utc":"2026-09-30T16:20:36.353153+00:00"}
{"completed":"replay-map-roleplay_persona-007","rows":376,"utc":"2026-09-30T16:20:37.003910+00:00"}
{"completed":"replay-map-roleplay_persona-008","rows":377,"utc":"2026-09-30T16:20:37.724397+00:00"}
{"completed":"replay-map-roleplay_persona-009","rows":378,"utc":"2026-09-30T16:20:38.305956+00:00"}
{"completed":"replay-map-roleplay_persona-010","rows":379,"utc":"2026-09-30T16:20:38.960585+00:00"}
{"completed":"replay-map-roleplay_persona-011","rows":380,"utc":"2026-09-30T16:20:41.662523+00:00"}
{"completed":"replay-map-roleplay_persona-012","rows":381,"utc":"2026-09-30T16:20:42.295867+00:00"}
{"completed":"replay-map-roleplay_persona-013","rows":382,"utc":"2026-09-30T16:20:43.002548+00:00"}
{"completed":"replay-map-roleplay_persona-014","rows":383,"utc":"2026-09-30T16:20:43.578413+00:00"}
{"completed":"replay-map-roleplay_persona-015","rows":384,"utc":"2026-09-30T16:20:44.201905+00:00"}
{"completed":"replay-map-roleplay_persona-016","rows":385,"utc":"2026-09-30T16:20:46.347201+00:00"}
{"completed":"replay-map-roleplay_persona-017","rows":386,"utc":"2026-09-30T16:20:46.951230+00:00"}
{"completed":"replay-map-roleplay_persona-018","rows":387,"utc":"2026-09-30T16:20:47.489965+00:00"}
{"completed":"replay-map-roleplay_persona-019","rows":388,"utc":"2026-09-30T16:20:48.058681+00:00"}
{"completed":"replay-map-roleplay_persona-020","rows":389,"utc":"2026-09-30T16:20:48.614699+00:00"}
{"completed":"replay-map-roleplay_persona-021","rows":390,"utc":"2026-09-30T16:20:51.434177+00:00"}
{"completed":"replay-map-roleplay_persona-022","rows":391,"utc":"2026-09-30T16:20:52.062229+00:00"}
{"completed":"replay-map-roleplay_persona-023","rows":392,"utc":"2026-09-30T16:20:52.589442+00:00"}
{"completed":"replay-map-roleplay_persona-024","rows":393,"utc":"2026-09-30T16:20:53.186625+00:00"}
{"completed":"replay-map-roleplay_persona-025","rows":394,"utc":"2026-09-30T16:20:53.787125+00:00"}
{"completed":"replay-map-roleplay_persona-026","rows":395,"utc":"2026-09-30T16:20:56.747446+00:00"}
{"completed":"replay-map-roleplay_persona-027","rows":396,"utc":"2026-09-30T16:20:57.389966+00:00"}
{"completed":"replay-map-roleplay_persona-028","rows":397,"utc":"2026-09-30T16:20:57.975958+00:00"}
{"completed":"replay-map-roleplay_persona-029","rows":398,"utc":"2026-09-30T16:20:58.586923+00:00"}
{"completed":"replay-map-roleplay_persona-030","rows":399,"utc":"2026-09-30T16:20:59.157609+00:00"}
{"completed":"replay-map-roleplay_persona-031","rows":400,"utc":"2026-09-30T16:21:02.033562+00:00"}
{"completed":"replay-map-roleplay_persona-032","rows":401,"utc":"2026-09-30T16:21:02.715634+00:00"}
{"completed":"replay-map-roleplay_persona-033","rows":402,"utc":"2026-09-30T16:21:03.477675+00:00"}
{"completed":"replay-map-roleplay_persona-034","rows":403,"utc":"2026-09-30T16:21:04.059681+00:00"}
{"completed":"replay-map-roleplay_persona-035","rows":404,"utc":"2026-09-30T16:21:04.593177+00:00"}
{"completed":"replay-map-roleplay_persona-036","rows":405,"utc":"2026-09-30T16:21:07.524276+00:00"}
{"completed":"replay-map-roleplay_persona-037","rows":406,"utc":"2026-09-30T16:21:08.190543+00:00"}
{"completed":"replay-map-roleplay_persona-038","rows":407,"utc":"2026-09-30T16:21:08.792629+00:00"}
{"completed":"replay-map-roleplay_persona-039","rows":408,"utc":"2026-09-30T16:21:09.385057+00:00"}
{"completed":"replay-map-roleplay_persona-040","rows":409,"utc":"2026-09-30T16:21:10.010650+00:00"}
{"completed":"replay-map-roleplay_persona-041","rows":410,"utc":"2026-09-30T16:21:13.120128+00:00"}
{"completed":"replay-map-roleplay_persona-042","rows":411,"utc":"2026-09-30T16:21:13.781625+00:00"}
{"completed":"replay-map-roleplay_persona-043","rows":412,"utc":"2026-09-30T16:21:14.389199+00:00"}
{"completed":"replay-map-roleplay_persona-044","rows":413,"utc":"2026-09-30T16:21:15.007868+00:00"}
{"completed":"replay-map-roleplay_persona-045","rows":414,"utc":"2026-09-30T16:21:15.616215+00:00"}
{"completed":"replay-map-roleplay_persona-046","rows":415,"utc":"2026-09-30T16:21:18.735848+00:00"}
{"completed":"replay-map-roleplay_persona-047","rows":416,"utc":"2026-09-30T16:21:19.409906+00:00"}
{"completed":"replay-map-roleplay_persona-048","rows":417,"utc":"2026-09-30T16:21:19.991391+00:00"}
{"completed":"replay-map-roleplay_persona-049","rows":418,"utc":"2026-09-30T16:21:20.584813+00:00"}
{"completed":"replay-map-roleplay_persona-050","rows":419,"utc":"2026-09-30T16:21:21.189420+00:00"}
{"completed":"replay-map-roleplay_persona-051","rows":420,"utc":"2026-09-30T16:21:24.273821+00:00"}
{"completed":"replay-map-roleplay_persona-052","rows":421,"utc":"2026-09-30T16:21:24.985676+00:00"}
{"completed":"replay-map-roleplay_persona-053","rows":422,"utc":"2026-09-30T16:21:25.611172+00:00"}
{"completed":"replay-map-roleplay_persona-054","rows":423,"utc":"2026-09-30T16:21:26.227959+00:00"}
{"completed":"replay-map-roleplay_persona-055","rows":424,"utc":"2026-09-30T16:21:26.811916+00:00"}
{"completed":"replay-map-roleplay_persona-056","rows":425,"utc":"2026-09-30T16:21:30.116404+00:00"}
{"completed":"replay-map-roleplay_persona-057","rows":426,"utc":"2026-09-30T16:21:30.796890+00:00"}
{"completed":"replay-map-roleplay_persona-058","rows":427,"utc":"2026-09-30T16:21:31.419386+00:00"}
{"completed":"replay-map-roleplay_persona-059","rows":428,"utc":"2026-09-30T16:21:32.004352+00:00"}
{"completed":"replay-map-roleplay_persona-060","rows":429,"utc":"2026-09-30T16:21:32.599080+00:00"}
{"completed":"replay-map-roleplay_persona-061","rows":430,"utc":"2026-09-30T16:21:36.027470+00:00"}
{"completed":"replay-map-roleplay_persona-062","rows":431,"utc":"2026-09-30T16:21:36.707163+00:00"}
{"completed":"replay-map-roleplay_persona-063","rows":432,"utc":"2026-09-30T16:21:37.315318+00:00"}
{"completed":"replay-map-tactical_misdirection-000","rows":433,"utc":"2026-09-30T16:21:37.914585+00:00"}
{"completed":"replay-map-tactical_misdirection-001","rows":434,"utc":"2026-09-30T16:21:38.590114+00:00"}
{"completed":"replay-map-tactical_misdirection-002","rows":435,"utc":"2026-09-30T16:21:42.023408+00:00"}
{"completed":"replay-map-tactical_misdirection-003","rows":436,"utc":"2026-09-30T16:21:42.705308+00:00"}
{"completed":"replay-map-tactical_misdirection-004","rows":437,"utc":"2026-09-30T16:21:43.291312+00:00"}
{"completed":"replay-map-tactical_misdirection-005","rows":438,"utc":"2026-09-30T16:21:43.910069+00:00"}
{"completed":"replay-map-tactical_misdirection-006","rows":439,"utc":"2026-09-30T16:21:44.595914+00:00"}
{"completed":"replay-map-tactical_misdirection-007","rows":440,"utc":"2026-09-30T16:21:47.977006+00:00"}
{"completed":"replay-map-tactical_misdirection-008","rows":441,"utc":"2026-09-30T16:21:48.658676+00:00"}
{"completed":"replay-map-tactical_misdirection-009","rows":442,"utc":"2026-09-30T16:21:49.287611+00:00"}
{"completed":"replay-map-tactical_misdirection-010","rows":443,"utc":"2026-09-30T16:21:50.143526+00:00"}
{"completed":"replay-map-tactical_misdirection-011","rows":444,"utc":"2026-09-30T16:21:50.790682+00:00"}
{"completed":"replay-map-tactical_misdirection-012","rows":445,"utc":"2026-09-30T16:21:53.998200+00:00"}
{"completed":"replay-map-tactical_misdirection-013","rows":446,"utc":"2026-09-30T16:21:54.730651+00:00"}
{"completed":"replay-map-tactical_misdirection-014","rows":447,"utc":"2026-09-30T16:21:55.368893+00:00"}
{"completed":"replay-map-tactical_misdirection-015","rows":448,"utc":"2026-09-30T16:21:56.114161+00:00"}
{"completed":"replay-map-tactical_misdirection-016","rows":449,"utc":"2026-09-30T16:21:56.812007+00:00"}
{"completed":"replay-map-tactical_misdirection-017","rows":450,"utc":"2026-09-30T16:22:00.182117+00:00"}
{"completed":"replay-map-tactical_misdirection-018","rows":451,"utc":"2026-09-30T16:22:00.912199+00:00"}
{"completed":"replay-map-tactical_misdirection-019","rows":452,"utc":"2026-09-30T16:22:01.602299+00:00"}
{"completed":"replay-map-tactical_misdirection-020","rows":453,"utc":"2026-09-30T16:22:02.306675+00:00"}
{"completed":"replay-map-tactical_misdirection-021","rows":454,"utc":"2026-09-30T16:22:03.021435+00:00"}
{"completed":"replay-map-tactical_misdirection-022","rows":455,"utc":"2026-09-30T16:22:06.390990+00:00"}
{"completed":"replay-map-tactical_misdirection-023","rows":456,"utc":"2026-09-30T16:22:07.156750+00:00"}
{"completed":"replay-map-tactical_misdirection-024","rows":457,"utc":"2026-09-30T16:22:07.830667+00:00"}
{"completed":"replay-map-tactical_misdirection-025","rows":458,"utc":"2026-09-30T16:22:08.545806+00:00"}
{"completed":"replay-map-tactical_misdirection-026","rows":459,"utc":"2026-09-30T16:22:09.270547+00:00"}
{"completed":"replay-map-tactical_misdirection-027","rows":460,"utc":"2026-09-30T16:22:12.043281+00:00"}
{"completed":"replay-map-tactical_misdirection-028","rows":461,"utc":"2026-09-30T16:22:12.722812+00:00"}
{"completed":"replay-map-tactical_misdirection-029","rows":462,"utc":"2026-09-30T16:22:13.392220+00:00"}
{"completed":"replay-map-tactical_misdirection-030","rows":463,"utc":"2026-09-30T16:22:14.093971+00:00"}
{"completed":"replay-map-tactical_misdirection-031","rows":464,"utc":"2026-09-30T16:22:14.905135+00:00"}
{"completed":"replay-map-tactical_misdirection-032","rows":465,"utc":"2026-09-30T16:22:18.027911+00:00"}
{"completed":"replay-map-tactical_misdirection-033","rows":466,"utc":"2026-09-30T16:22:18.807843+00:00"}
{"completed":"replay-map-tactical_misdirection-034","rows":467,"utc":"2026-09-30T16:22:19.493153+00:00"}
{"completed":"replay-map-tactical_misdirection-035","rows":468,"utc":"2026-09-30T16:22:20.205539+00:00"}
{"completed":"replay-map-tactical_misdirection-036","rows":469,"utc":"2026-09-30T16:22:20.905622+00:00"}
{"completed":"replay-map-tactical_misdirection-037","rows":470,"utc":"2026-09-30T16:22:24.432001+00:00"}
{"completed":"replay-map-tactical_misdirection-038","rows":471,"utc":"2026-09-30T16:22:25.259641+00:00"}
{"completed":"replay-map-tactical_misdirection-039","rows":472,"utc":"2026-09-30T16:22:25.922313+00:00"}
{"completed":"replay-map-tactical_misdirection-040","rows":473,"utc":"2026-09-30T16:22:26.761229+00:00"}
{"completed":"replay-map-tactical_misdirection-041","rows":474,"utc":"2026-09-30T16:22:27.471381+00:00"}
{"completed":"replay-map-tactical_misdirection-042","rows":475,"utc":"2026-09-30T16:22:31.259988+00:00"}
{"completed":"replay-map-tactical_misdirection-043","rows":476,"utc":"2026-09-30T16:22:32.001836+00:00"}
{"completed":"replay-map-tactical_misdirection-044","rows":477,"utc":"2026-09-30T16:22:32.730983+00:00"}
{"completed":"replay-map-tactical_misdirection-045","rows":478,"utc":"2026-09-30T16:22:33.392130+00:00"}
{"completed":"replay-map-tactical_misdirection-046","rows":479,"utc":"2026-09-30T16:22:34.112248+00:00"}
{"completed":"replay-map-tactical_misdirection-047","rows":480,"utc":"2026-09-30T16:22:37.890221+00:00"}
{"completed":"replay-map-tactical_misdirection-048","rows":481,"utc":"2026-09-30T16:22:38.652114+00:00"}
{"completed":"replay-map-tactical_misdirection-049","rows":482,"utc":"2026-09-30T16:22:39.499266+00:00"}
{"completed":"replay-map-tactical_misdirection-050","rows":483,"utc":"2026-09-30T16:22:40.199513+00:00"}
{"completed":"replay-map-tactical_misdirection-051","rows":484,"utc":"2026-09-30T16:22:40.896979+00:00"}
{"completed":"replay-map-tactical_misdirection-052","rows":485,"utc":"2026-09-30T16:22:44.650916+00:00"}
{"completed":"replay-map-tactical_misdirection-053","rows":486,"utc":"2026-09-30T16:22:45.402841+00:00"}
{"completed":"replay-map-tactical_misdirection-054","rows":487,"utc":"2026-09-30T16:22:46.107663+00:00"}
{"completed":"replay-map-tactical_misdirection-055","rows":488,"utc":"2026-09-30T16:22:46.819425+00:00"}
{"completed":"replay-map-tactical_misdirection-056","rows":489,"utc":"2026-09-30T16:22:47.506500+00:00"}
{"completed":"replay-map-tactical_misdirection-057","rows":490,"utc":"2026-09-30T16:22:51.622912+00:00"}
{"completed":"replay-map-tactical_misdirection-058","rows":491,"utc":"2026-09-30T16:22:52.424376+00:00"}
{"completed":"replay-map-tactical_misdirection-059","rows":492,"utc":"2026-09-30T16:22:53.107690+00:00"}
{"completed":"replay-map-tactical_misdirection-060","rows":493,"utc":"2026-09-30T16:22:53.825236+00:00"}
{"completed":"replay-map-tactical_misdirection-061","rows":494,"utc":"2026-09-30T16:22:54.503015+00:00"}
{"completed":"replay-map-tactical_misdirection-062","rows":495,"utc":"2026-09-30T16:22:58.283283+00:00"}
{"completed":"replay-map-tactical_misdirection-063","rows":496,"utc":"2026-09-30T16:22:59.115988+00:00"}
{"completed":"replay-validation-assistant-roleplay-01","rows":497,"utc":"2026-09-30T16:23:00.137347+00:00"}
{"completed":"replay-validation-assistant-roleplay-02","rows":498,"utc":"2026-09-30T16:23:01.201386+00:00"}
{"completed":"replay-validation-assistant-roleplay-03","rows":499,"utc":"2026-09-30T16:23:02.250039+00:00"}
{"completed":"replay-validation-assistant-roleplay-04","rows":500,"utc":"2026-09-30T16:23:06.167580+00:00"}
{"completed":"replay-validation-assistant-roleplay-05","rows":501,"utc":"2026-09-30T16:23:07.296777+00:00"}
{"completed":"replay-validation-assistant-roleplay-06","rows":502,"utc":"2026-09-30T16:23:08.397814+00:00"}
{"completed":"replay-validation-cover-story-01","rows":503,"utc":"2026-09-30T16:23:09.506528+00:00"}
{"completed":"replay-validation-cover-story-02","rows":504,"utc":"2026-09-30T16:23:10.624800+00:00"}
{"completed":"replay-validation-cover-story-03","rows":505,"utc":"2026-09-30T16:23:14.763865+00:00"}
{"completed":"replay-validation-cover-story-04","rows":506,"utc":"2026-09-30T16:23:15.901582+00:00"}
{"completed":"replay-validation-cover-story-05","rows":507,"utc":"2026-09-30T16:23:17.001856+00:00"}
{"completed":"replay-validation-cover-story-06","rows":508,"utc":"2026-09-30T16:23:18.114674+00:00"}
{"completed":"replay-validation-dishonesty-01","rows":509,"utc":"2026-09-30T16:23:19.227191+00:00"}
{"completed":"replay-validation-dishonesty-02","rows":510,"utc":"2026-09-30T16:23:23.394139+00:00"}
{"completed":"replay-validation-dishonesty-03","rows":511,"utc":"2026-09-30T16:23:24.771357+00:00"}
{"completed":"replay-validation-dishonesty-04","rows":512,"utc":"2026-09-30T16:23:25.900930+00:00"}
{"completed":"replay-validation-dishonesty-05","rows":513,"utc":"2026-09-30T16:23:26.996286+00:00"}
{"completed":"replay-validation-dishonesty-06","rows":514,"utc":"2026-09-30T16:23:28.107103+00:00"}
{"completed":"replay-validation-misdirection-01","rows":515,"utc":"2026-09-30T16:23:32.289649+00:00"}
{"completed":"replay-validation-misdirection-02","rows":516,"utc":"2026-09-30T16:23:33.440738+00:00"}
{"completed":"replay-validation-misdirection-03","rows":517,"utc":"2026-09-30T16:23:34.530878+00:00"}
{"completed":"replay-validation-misdirection-04","rows":518,"utc":"2026-09-30T16:23:35.647197+00:00"}
{"completed":"replay-validation-misdirection-05","rows":519,"utc":"2026-09-30T16:23:36.719897+00:00"}
{"completed":"replay-validation-misdirection-06","rows":520,"utc":"2026-09-30T16:23:41.021271+00:00"}
{"completed":"replay-validation-neutral-01","rows":521,"utc":"2026-09-30T16:23:42.131791+00:00"}
{"completed":"replay-validation-neutral-02","rows":522,"utc":"2026-09-30T16:23:43.114723+00:00"}
{"completed":"replay-validation-neutral-03","rows":523,"utc":"2026-09-30T16:23:44.127894+00:00"}
{"completed":"replay-validation-neutral-04","rows":524,"utc":"2026-09-30T16:23:45.122674+00:00"}
{"completed":"replay-validation-neutral-05","rows":525,"utc":"2026-09-30T16:23:49.581008+00:00"}
{"completed":"replay-validation-neutral-06","rows":526,"utc":"2026-09-30T16:23:50.700303+00:00"}
{"completed":"replay-validation-neutral-07","rows":527,"utc":"2026-09-30T16:23:51.744612+00:00"}
{"completed":"replay-validation-neutral-08","rows":528,"utc":"2026-09-30T16:23:52.748978+00:00"}
{"completed":"replay-validation-neutral-09","rows":529,"utc":"2026-09-30T16:23:53.765125+00:00"}
{"completed":"replay-validation-neutral-10","rows":530,"utc":"2026-09-30T16:23:58.254964+00:00"}
{"completed":"replay-validation-neutral-11","rows":531,"utc":"2026-09-30T16:23:59.352850+00:00"}
{"completed":"replay-validation-neutral-12","rows":532,"utc":"2026-09-30T16:24:00.358550+00:00"}
{"completed":"replay-validation-persona-maintenance-01","rows":533,"utc":"2026-09-30T16:24:01.448154+00:00"}
{"completed":"replay-validation-persona-maintenance-02","rows":534,"utc":"2026-09-30T16:24:02.681518+00:00"}
{"completed":"replay-validation-persona-maintenance-03","rows":535,"utc":"2026-09-30T16:24:07.085108+00:00"}
{"completed":"replay-validation-persona-maintenance-04","rows":536,"utc":"2026-09-30T16:24:08.220549+00:00"}
{"completed":"replay-validation-persona-maintenance-05","rows":537,"utc":"2026-09-30T16:24:09.257689+00:00"}
{"completed":"replay-validation-persona-maintenance-06","rows":538,"utc":"2026-09-30T16:24:10.312689+00:00"}
{"completed":"replay-validation-pretending-01","rows":539,"utc":"2026-09-30T16:24:11.338149+00:00"}
{"completed":"replay-validation-pretending-02","rows":540,"utc":"2026-09-30T16:24:15.824368+00:00"}
{"completed":"replay-validation-pretending-03","rows":541,"utc":"2026-09-30T16:24:16.928435+00:00"}
{"completed":"replay-validation-pretending-04","rows":542,"utc":"2026-09-30T16:24:17.952775+00:00"}
{"completed":"replay-validation-pretending-05","rows":543,"utc":"2026-09-30T16:24:18.950311+00:00"}
{"completed":"replay-validation-pretending-06","rows":544,"utc":"2026-09-30T16:24:19.962132+00:00"}
